Component: ARM Compiler 6.14 Tool: armlink [5db06800]

==============================================================================

Section Cross References

    gpio.o(.ARM.exidx.text.GPIO_setMode) refers to gpio.o(.text.GPIO_setMode) for [Anonymous Symbol]
    gpio.o(.ARM.exidx.text.GPIO_setOutputType) refers to gpio.o(.text.GPIO_setOutputType) for [Anonymous Symbol]
    gpio.o(.ARM.exidx.text.GPIO_setOutputSpeed) refers to gpio.o(.text.GPIO_setOutputSpeed) for [Anonymous Symbol]
    gpio.o(.ARM.exidx.text.GPIO_setPullUpDown) refers to gpio.o(.text.GPIO_setPullUpDown) for [Anonymous Symbol]
    gpio.o(.ARM.exidx.text.GPIO_setPin) refers to gpio.o(.text.GPIO_setPin) for [Anonymous Symbol]
    gpio.o(.ARM.exidx.text.GPIO_resetPin) refers to gpio.o(.text.GPIO_resetPin) for [Anonymous Symbol]
    gpio.o(.ARM.exidx.text.GPIO_togglePin) refers to gpio.o(.text.GPIO_togglePin) for [Anonymous Symbol]
    gpio.o(.ARM.exidx.text.GPIO_readPin) refers to gpio.o(.text.GPIO_readPin) for [Anonymous Symbol]
    gpio.o(.ARM.exidx.text.GPIO_setAlternateFunction) refers to gpio.o(.text.GPIO_setAlternateFunction) for [Anonymous Symbol]
    lenguyenkhanhlam.o(.text) refers (Special) to _printf_d.o(.ARM.Collect$$_printf_percent$$00000009) for _printf_d
    lenguyenkhanhlam.o(.text) refers (Special) to _printf_dec.o(.text) for _printf_int_dec
    lenguyenkhanhlam.o(.text) refers (Special) to _printf_percent.o(.ARM.Collect$$_printf_percent$$00000000) for _printf_percent
    lenguyenkhanhlam.o(.text.sysInit) refers (Special) to _printf_d.o(.ARM.Collect$$_printf_percent$$00000009) for _printf_d
    lenguyenkhanhlam.o(.text.sysInit) refers (Special) to _printf_dec.o(.text) for _printf_int_dec
    lenguyenkhanhlam.o(.text.sysInit) refers (Special) to _printf_percent.o(.ARM.Collect$$_printf_percent$$00000000) for _printf_percent
    lenguyenkhanhlam.o(.text.sysInit) refers to lenguyenkhanhlam.o(.text.enaleClockModule) for enaleClockModule
    lenguyenkhanhlam.o(.text.sysInit) refers to lenguyenkhanhlam.o(.text.configGPIO) for configGPIO
    lenguyenkhanhlam.o(.text.sysInit) refers to lenguyenkhanhlam.o(.text.configTim) for configTim
    lenguyenkhanhlam.o(.text.sysInit) refers to lenguyenkhanhlam.o(.text.configUsart) for configUsart
    lenguyenkhanhlam.o(.text.sysInit) refers to systick.o(.text.configSysTickInt) for configSysTickInt
    lenguyenkhanhlam.o(.ARM.exidx.text.sysInit) refers (Special) to _printf_d.o(.ARM.Collect$$_printf_percent$$00000009) for _printf_d
    lenguyenkhanhlam.o(.ARM.exidx.text.sysInit) refers (Special) to _printf_dec.o(.text) for _printf_int_dec
    lenguyenkhanhlam.o(.ARM.exidx.text.sysInit) refers (Special) to _printf_percent.o(.ARM.Collect$$_printf_percent$$00000000) for _printf_percent
    lenguyenkhanhlam.o(.ARM.exidx.text.sysInit) refers to lenguyenkhanhlam.o(.text.sysInit) for [Anonymous Symbol]
    lenguyenkhanhlam.o(.text.enaleClockModule) refers (Special) to _printf_d.o(.ARM.Collect$$_printf_percent$$00000009) for _printf_d
    lenguyenkhanhlam.o(.text.enaleClockModule) refers (Special) to _printf_dec.o(.text) for _printf_int_dec
    lenguyenkhanhlam.o(.text.enaleClockModule) refers (Special) to _printf_percent.o(.ARM.Collect$$_printf_percent$$00000000) for _printf_percent
    lenguyenkhanhlam.o(.ARM.exidx.text.enaleClockModule) refers (Special) to _printf_d.o(.ARM.Collect$$_printf_percent$$00000009) for _printf_d
    lenguyenkhanhlam.o(.ARM.exidx.text.enaleClockModule) refers (Special) to _printf_dec.o(.text) for _printf_int_dec
    lenguyenkhanhlam.o(.ARM.exidx.text.enaleClockModule) refers (Special) to _printf_percent.o(.ARM.Collect$$_printf_percent$$00000000) for _printf_percent
    lenguyenkhanhlam.o(.ARM.exidx.text.enaleClockModule) refers to lenguyenkhanhlam.o(.text.enaleClockModule) for [Anonymous Symbol]
    lenguyenkhanhlam.o(.text.configGPIO) refers (Special) to _printf_d.o(.ARM.Collect$$_printf_percent$$00000009) for _printf_d
    lenguyenkhanhlam.o(.text.configGPIO) refers (Special) to _printf_dec.o(.text) for _printf_int_dec
    lenguyenkhanhlam.o(.text.configGPIO) refers (Special) to _printf_percent.o(.ARM.Collect$$_printf_percent$$00000000) for _printf_percent
    lenguyenkhanhlam.o(.text.configGPIO) refers to gpio.o(.text.GPIO_setMode) for GPIO_setMode
    lenguyenkhanhlam.o(.text.configGPIO) refers to gpio.o(.text.GPIO_setPullUpDown) for GPIO_setPullUpDown
    lenguyenkhanhlam.o(.ARM.exidx.text.configGPIO) refers (Special) to _printf_d.o(.ARM.Collect$$_printf_percent$$00000009) for _printf_d
    lenguyenkhanhlam.o(.ARM.exidx.text.configGPIO) refers (Special) to _printf_dec.o(.text) for _printf_int_dec
    lenguyenkhanhlam.o(.ARM.exidx.text.configGPIO) refers (Special) to _printf_percent.o(.ARM.Collect$$_printf_percent$$00000000) for _printf_percent
    lenguyenkhanhlam.o(.ARM.exidx.text.configGPIO) refers to lenguyenkhanhlam.o(.text.configGPIO) for [Anonymous Symbol]
[...]
    .ARM.Collect$$libinit$$00000033          0x08000264   Section        2  libinit2.o(.ARM.Collect$$libinit$$00000033)
    .ARM.Collect$$libshutdown$$00000000      0x08000266   Section        2  libshutdown.o(.ARM.Collect$$libshutdown$$00000000)
    .ARM.Collect$$libshutdown$$00000002      0x08000268   Section        0  libshutdown2.o(.ARM.Collect$$libshutdown$$00000002)
    .ARM.Collect$$libshutdown$$00000004      0x08000268   Section        0  libshutdown2.o(.ARM.Collect$$libshutdown$$00000004)
    .ARM.Collect$$libshutdown$$00000007      0x08000268   Section        0  libshutdown2.o(.ARM.Collect$$libshutdown$$00000007)
    .ARM.Collect$$libshutdown$$0000000A      0x08000268   Section        0  libshutdown2.o(.ARM.Collect$$libshutdown$$0000000A)
    .ARM.Collect$$libshutdown$$0000000C      0x08000268   Section        0  libshutdown2.o(.ARM.Collect$$libshutdown$$0000000C)
    .ARM.Collect$$libshutdown$$0000000F      0x08000268   Section        0  libshutdown2.o(.ARM.Collect$$libshutdown$$0000000F)
    .ARM.Collect$$libshutdown$$00000010      0x08000268   Section        2  libshutdown2.o(.ARM.Collect$$libshutdown$$00000010)
    .ARM.Collect$$rtentry$$00000000          0x0800026a   Section        0  __rtentry.o(.ARM.Collect$$rtentry$$00000000)
    .ARM.Collect$$rtentry$$00000002          0x0800026a   Section        0  __rtentry2.o(.ARM.Collect$$rtentry$$00000002)
    .ARM.Collect$$rtentry$$00000004          0x0800026a   Section        6  __rtentry4.o(.ARM.Collect$$rtentry$$00000004)
    .ARM.Collect$$rtentry$$00000009          0x08000270   Section        0  __rtentry2.o(.ARM.Collect$$rtentry$$00000009)
    .ARM.Collect$$rtentry$$0000000A          0x08000270   Section        4  __rtentry2.o(.ARM.Collect$$rtentry$$0000000A)
    .ARM.Collect$$rtentry$$0000000C          0x08000274   Section        0  __rtentry2.o(.ARM.Collect$$rtentry$$0000000C)
    .ARM.Collect$$rtentry$$0000000D          0x08000274   Section        8  __rtentry2.o(.ARM.Collect$$rtentry$$0000000D)
    .ARM.Collect$$rtexit$$00000000           0x0800027c   Section        2  rtexit.o(.ARM.Collect$$rtexit$$00000000)
    .ARM.Collect$$rtexit$$00000002           0x0800027e   Section        0  rtexit2.o(.ARM.Collect$$rtexit$$00000002)
    .ARM.Collect$$rtexit$$00000003           0x0800027e   Section        4  rtexit2.o(.ARM.Collect$$rtexit$$00000003)
    .ARM.Collect$$rtexit$$00000004           0x08000282   Section        6  rtexit2.o(.ARM.Collect$$rtexit$$00000004)
    $v0                                      0x08000288   Number         0  startup_stm32f446xx.o(.text)
    .text                                    0x08000288   Section       64  startup_stm32f446xx.o(.text)
    .text                                    0x080002c8   Section        0  __2sprintf.o(.text)
    .text                                    0x080002f4   Section        0  __printf.o(.text)
    .text                                    0x0800035c   Section        0  _printf_dec.o(.text)
    .text                                    0x080003d4   Section        0  __0sscanf.o(.text)
    .text                                    0x08000410   Section        0  _scanf_int.o(.text)
    .text                                    0x0800055c   Section        0  heapauxi.o(.text)
    .text                                    0x08000562   Section        0  _printf_intcommon.o(.text)
    _printf_input_char                       0x08000615   Thumb Code    10  _printf_char_common.o(.text)
    .text                                    0x08000614   Section        0  _printf_char_common.o(.text)
    .text                                    0x08000644   Section        0  _sputc.o(.text)
    .text                                    0x0800064e   Section        0  _chval.o(.text)
    _fp_value                                0x0800066d   Thumb Code   588  scanf_fp.o(.text)
    .text                                    0x0800066c   Section        0  scanf_fp.o(.text)
    _scanf_char_input                        0x08000b65   Thumb Code    12  scanf_char.o(.text)
    .text                                    0x08000b64   Section        0  scanf_char.o(.text)
    .text                                    0x08000b90   Section        0  _sgetc.o(.text)
    .text                                    0x08000bd0   Section        8  rt_locale_intlibspace.o(.text)
    .text                                    0x08000bd8   Section        8  rt_errno_addr_intlibspace.o(.text)
    .text                                    0x08000be0   Section       38  llshl.o(.text)
    .text                                    0x08000c06   Section        0  isspace.o(.text)
    .text                                    0x08000c18   Section        0  _scanf.o(.text)
    .text                                    0x08000f8c   Section        0  bigflt0.o(.text)
    .text                                    0x08001070   Section        8  libspace.o(.text)
    .text                                    0x08001078   Section       74  sys_stackheap_outer.o(.text)
    .text                                    0x080010c4   Section       16  rt_ctype_table.o(.text)
    .text                                    0x080010d4   Section        0  _rserrno.o(.text)
    .text                                    0x080010ec   Section        0  scanf_hexfp.o(.text)
    .text                                    0x0800140c   Section        0  scanf_infnan.o(.text)
    .text                                    0x08001540   Section        0  exit.o(.text)
    .text                                    0x08001558   Section      124  strcmpv7em.o(.text)
    .text                                    0x080015d4   Section        0  sys_exit.o(.text)
    .text                                    0x080015e0   Section        2  use_no_semi.o(.text)
    .text                                    0x080015e2   Section        0  indicate_semi.o(.text)
    [Anonymous Symbol]                       0x080015e4   Section        0  main.o(.text.EXTI15_10_IRQHandler)
    [Anonymous Symbol]                       0x08001634   Section        0  main.o(.text.EXTI1_IRQHandler)
    [Anonymous Symbol]                       0x08001684   Section        0  main.o(.text.EXTI2_IRQHandler)
    [Anonymous Symbol]                       0x080016d4   Section        0  lenguyenkhanhlam.o(.text.EXTI3_IRQHandler)
    [Anonymous Symbol]                       0x08001710   Section        0  lenguyenkhanhlam.o(.text.EXTI4_IRQHandler)
    [Anonymous Symbol]                       0x0800174c   Section        0  lenguyenkhanhlam.o(.text.EXTI9_5_IRQHandler)
    [Anonymous Symbol]                       0x08001788   Section        0  gpio.o(.text.GPIO_readPin)
    [Anonymous Symbol]                       0x08001794   Section        0  gpio.o(.text.GPIO_resetPin)
    [Anonymous Symbol]                       0x080017a4   Section        0  gpio.o(.text.GPIO_setAlternateFunction)
    [Anonymous Symbol]                       0x080017d8   Section        0  gpio.o(.text.GPIO_setMode)
    [Anonymous Symbol]                       0x080017f4   Section        0  gpio.o(.text.GPIO_setPin)
    [Anonymous Symbol]                       0x08001804   Section        0  gpio.o(.text.GPIO_setPullUpDown)
    [Anonymous Symbol]                       0x0800181c   Section        0  system_stm32f4xx.o(.text.SystemInit)
    [Anonymous Symbol]                       0x08001830   Section        0  main.o(.text.TIM4_IRQHandler)
    [Anonymous Symbol]                       0x08001860   Section        0  timer.o(.text.TIM_ClearUpdateInterruptFlag)
    [Anonymous Symbol]                       0x0800186c   Section        0  timer.o(.text.TIM_Config)
    [Anonymous Symbol]                       0x08001894   Section        0  timer.o(.text.TIM_ConfigOutputCompare)
    [Anonymous Symbol]                       0x080018e4   Section        0  timer.o(.text.TIM_EnableOutputCompare)
    [Anonymous Symbol]                       0x08001964   Section        0  timer.o(.text.TIM_SetDutyCycle)
    [Anonymous Symbol]                       0x08001994   Section        0  timer.o(.text.TIM_Start)
    [Anonymous Symbol]                       0x080019a0   Section        0  timer.o(.text.TIM_Stop)
    [Anonymous Symbol]                       0x080019ac   Section        0  main.o(.text.USART2_IRQHandler)
    [Anonymous Symbol]                       0x08001a90   Section        0  uart.o(.text.USART_receiveString)
    [Anonymous Symbol]                       0x08001ad0   Section        0  uart.o(.text.USART_sendChar)
    [Anonymous Symbol]                       0x08001adc   Section        0  uart.o(.text.USART_sendString)
    [Anonymous Symbol]                       0x08001b00   Section        0  uart.o(.text.compute_uart)
    [Anonymous Symbol]                       0x08001b0c   Section        0  lenguyenkhanhlam.o(.text.configGPIO)
    [Anonymous Symbol]                       0x08001d28   Section        0  systick.o(.text.configSysTickInt)
    [Anonymous Symbol]                       0x08001d50   Section        0  lenguyenkhanhlam.o(.text.configTim)
    [Anonymous Symbol]                       0x08001e60   Section        0  lenguyenkhanhlam.o(.text.configUsart)
    [Anonymous Symbol]                       0x08001ee0   Section        0  lenguyenkhanhlam.o(.text.enaleClockModule)
    [Anonymous Symbol]                       0x08001f38   Section        0  main.o(.text.main)
    [Anonymous Symbol]                       0x08002108   Section        0  lenguyenkhanhlam.o(.text.runBasePID)
    [Anonymous Symbol]                       0x08002498   Section        0  lenguyenkhanhlam.o(.text.runLink1PID)
    [Anonymous Symbol]                       0x08002828   Section        0  lenguyenkhanhlam.o(.text.runLink2PID)
    [Anonymous Symbol]                       0x08002bb8   Section        0  lenguyenkhanhlam.o(.text.sendData)
    [Anonymous Symbol]                       0x08002bf8   Section        0  lenguyenkhanhlam.o(.text.sysInit)
    [Anonymous Symbol]                       0x08002c14   Section        0  uart.o(.text.uart_set_baudrate)
    CL$$btod_div_common                      0x08002c24   Section      824  btod.o(CL$$btod_div_common)
    CL$$btod_e2d                             0x08002f5c   Section      132  btod.o(CL$$btod_e2d)
    CL$$btod_e2e                             0x08002fe0   Section      220  btod.o(CL$$btod_e2e)
    CL$$btod_ediv                            0x080030bc   Section       42  btod.o(CL$$btod_ediv)
    CL$$btod_edivd                           0x080030e6   Section       42  btod.o(CL$$btod_edivd)
    CL$$btod_emul                            0x08003110   Section       42  btod.o(CL$$btod_emul)
    CL$$btod_emuld                           0x0800313a   Section       42  btod.o(CL$$btod_emuld)
    CL$$btod_mult_common                     0x08003164   Section      580  btod.o(CL$$btod_mult_common)
    i.__hardfp___mathlib_tofloat             0x080033a8   Section        0  narrow.o(i.__hardfp___mathlib_tofloat)
    i.__hardfp_ldexp                         0x080034a0   Section        0  ldexp.o(i.__hardfp_ldexp)
    i.__mathlib_dbl_overflow                 0x08003570   Section        0  dunder.o(i.__mathlib_dbl_overflow)
    i.__mathlib_dbl_underflow                0x08003590   Section        0  dunder.o(i.__mathlib_dbl_underflow)
    i.__mathlib_narrow                       0x080035b0   Section        0  narrow.o(i.__mathlib_narrow)
    i.__support_ldexp                        0x080035c2   Section        0  ldexp.o(i.__support_ldexp)
    i._is_digit                              0x080035d6   Section        0  __printf_wp.o(i._is_digit)
    i.frexp                                  0x080035e8   Section        0  frexp.o(i.frexp)
    locale$$code                             0x08003674   Section       44  lc_numeric_c.o(locale$$code)
    locale$$code                             0x080036a0   Section       44  lc_ctype_c.o(locale$$code)
    $v0                                      0x080036cc   Number         0  d2f.o(x$fpl$d2f)
    x$fpl$d2f                                0x080036cc   Section       98  d2f.o(x$fpl$d2f)
    $v0                                      0x08003730   Number         0  daddsub_clz.o(x$fpl$dadd)
    x$fpl$dadd                               0x08003730   Section      336  daddsub_clz.o(x$fpl$dadd)
    _dadd1                                   0x08003741   Thumb Code     0  daddsub_clz.o(x$fpl$dadd)
    $v0                                      0x08003880   Number         0  dcheck1.o(x$fpl$dcheck1)
    x$fpl$dcheck1                            0x08003880   Section       16  dcheck1.o(x$fpl$dcheck1)
    $v0                                      0x08003890   Number         0  dcmpi.o(x$fpl$dcmpinf)
    x$fpl$dcmpinf                            0x08003890   Section       24  dcmpi.o(x$fpl$dcmpinf)
    $v0                                      0x080038a8   Number         0  ddiv.o(x$fpl$ddiv)
    x$fpl$ddiv                               0x080038a8   Section      688  ddiv.o(x$fpl$ddiv)
    ddiv_entry                               0x080038af   Thumb Code     0  ddiv.o(x$fpl$ddiv)
    $v0                                      0x08003b58   Number         0  deqf.o(x$fpl$deqf)
    x$fpl$deqf                               0x08003b58   Section      120  deqf.o(x$fpl$deqf)
    $v0                                      0x08003bd0   Number         0  dfix.o(x$fpl$dfix)
    x$fpl$dfix                               0x08003bd0   Section       94  dfix.o(x$fpl$dfix)
    $v0                                      0x08003c2e   Number         0  dflt_clz.o(x$fpl$dflt)
    x$fpl$dflt                               0x08003c2e   Section       46  dflt_clz.o(x$fpl$dflt)
    $v0                                      0x08003c5c   Number         0  dgeqf.o(x$fpl$dgeqf)
    x$fpl$dgeqf                              0x08003c5c   Section      120  dgeqf.o(x$fpl$dgeqf)
    $v0                                      0x08003cd4   Number         0  dleqf.o(x$fpl$dleqf)
    x$fpl$dleqf                              0x08003cd4   Section      120  dleqf.o(x$fpl$dleqf)
    $v0                                      0x08003d4c   Number         0  dmul.o(x$fpl$dmul)
    x$fpl$dmul                               0x08003d4c   Section      340  dmul.o(x$fpl$dmul)
    $v0                                      0x08003ea0   Number         0  dnaninf.o(x$fpl$dnaninf)
    x$fpl$dnaninf                            0x08003ea0   Section      156  dnaninf.o(x$fpl$dnaninf)
    $v0                                      0x08003f3c   Number         0  dretinf.o(x$fpl$dretinf)
    x$fpl$dretinf                            0x08003f3c   Section       12  dretinf.o(x$fpl$dretinf)
    $v0                                      0x08003f48   Number         0  drleqf.o(x$fpl$drleqf)
    x$fpl$drleqf                             0x08003f48   Section      108  drleqf.o(x$fpl$drleqf)
    $v0                                      0x08003fb4   Number         0  daddsub_clz.o(x$fpl$dsub)
    x$fpl$dsub                               0x08003fb4   Section      468  daddsub_clz.o(x$fpl$dsub)
    _dsub1                                   0x08003fc5   Thumb Code     0  daddsub_clz.o(x$fpl$dsub)
    $v0                                      0x08004188   Number         0  dcmp.o(x$fpl$fcmp)
    x$fpl$fcmp                               0x08004188   Section       84  dcmp.o(x$fpl$fcmp)
    $v0                                      0x080041dc   Number         0  fpinit.o(x$fpl$fpinit)
    x$fpl$fpinit                             0x080041dc   Section       26  fpinit.o(x$fpl$fpinit)
    $v0                                      0x080041f6   Number         0  fretinf.o(x$fpl$fretinf)
    x$fpl$fretinf                            0x080041f6   Section       10  fretinf.o(x$fpl$fretinf)
    $v0                                      0x08004200   Number         0  istatus.o(x$fpl$ieeestatus)
    x$fpl$ieeestatus                         0x08004200   Section        6  istatus.o(x$fpl$ieeestatus)
    $v0                                      0x08004206   Number         0  retnan.o(x$fpl$retnan)
    x$fpl$retnan                             0x08004206   Section      100  retnan.o(x$fpl$retnan)
    $v0                                      0x0800426a   Number         0  scalbn.o(x$fpl$scalbn)
    x$fpl$scalbn                             0x0800426a   Section       92  scalbn.o(x$fpl$scalbn)
    $v0                                      0x080042c6   Number         0  scanf1.o(x$fpl$scanf1)
    x$fpl$scanf1                             0x080042c6   Section        4  scanf1.o(x$fpl$scanf1)
    $v0                                      0x080042ca   Number         0  scanf2.o(x$fpl$scanf2)
    x$fpl$scanf2                             0x080042ca   Section        8  scanf2.o(x$fpl$scanf2)
    $v0                                      0x080042d2   Number         0  trapv.o(x$fpl$trapveneer)
    x$fpl$trapveneer                         0x080042d2   Section       48  trapv.o(x$fpl$trapveneer)
    x$fpl$usenofp                            0x08004302   Section        0  usenofp.o(x$fpl$usenofp)
    tenpwrs_x                                0x08004304   Data          60  bigflt0.o(.constdata)
    .constdata                               0x08004304   Section      148  bigflt0.o(.constdata)
    tenpwrs_i                                0x08004340   Data          64  bigflt0.o(.constdata)
    c$$dinf                                  0x080043b8   Section        8  fpconst.o(c$$dinf)
    c$$dmax                                  0x080043c0   Section        8  fpconst.o(c$$dmax)
    locale$$data                             0x080043c8   Section       28  lc_numeric_c.o(locale$$data)
    __lcnum_c_name                           0x080043cc   Data           2  lc_numeric_c.o(locale$$data)
    __lcnum_c_start                          0x080043d4   Data           0  lc_numeric_c.o(locale$$data)
    __lcnum_c_point                          0x080043e0   Data           0  lc_numeric_c.o(locale$$data)
    __lcnum_c_thousands                      0x080043e2   Data           0  lc_numeric_c.o(locale$$data)
    __lcnum_c_grouping                       0x080043e3   Data           0  lc_numeric_c.o(locale$$data)
    __lcnum_c_end                            0x080043e4   Data           0  lc_numeric_c.o(locale$$data)
    locale$$data                             0x080043e4   Section      272  lc_ctype_c.o(locale$$data)
    __lcctype_c_name                         0x080043e8   Data           2  lc_ctype_c.o(locale$$data)
    __lcctype_c_start                        0x080043f0   Data           0  lc_ctype_c.o(locale$$data)
    __lcctype_c_end                          0x080044f4   Data           0  lc_ctype_c.o(locale$$data)
    .bss                                     0x20000008   Section       96  libspace.o(.bss)
    buff                                     0x20000128   Data         256  main.o(.bss.buff)
    [Anonymous Symbol]                       0x20000128   Section        0  main.o(.bss.buff)
    stateStopBase                            0x200002b4   Data           4  main.o(.bss.stateStopBase)
    [Anonymous Symbol]                       0x200002b4   Section        0  main.o(.bss.stateStopBase)
    tmp_homeBase                             0x200002b8   Data           4  main.o(.bss.tmp_homeBase)
    [Anonymous Symbol]                       0x200002b8   Section        0  main.o(.bss.tmp_homeBase)
    tmp_homeLink1                            0x200002bc   Data           4  main.o(.bss.tmp_homeLink1)
    [Anonymous Symbol]                       0x200002bc   Section        0  main.o(.bss.tmp_homeLink1)
    tmp_homeLink2                            0x200002c0   Data           4  main.o(.bss.tmp_homeLink2)
    [Anonymous Symbol]                       0x200002c0   Section        0  main.o(.bss.tmp_homeLink2)
    Heap_Mem                                 0x200002c8   Data         512  startup_stm32f446xx.o(HEAP)
    HEAP                                     0x200002c8   Section      512  startup_stm32f446xx.o(HEAP)
    Stack_Mem                                0x200004c8   Data        1024  startup_stm32f446xx.o(STACK)
    STACK                                    0x200004c8   Section     1024  startup_stm32f446xx.o(STACK)
    __initial_sp                             0x200008c8   Data           0  startup_stm32f446xx.o(STACK)

    Global Symbols

    Symbol Name                              Value     Ov Type        Size  Object(Section)

    BuildAttributes$$THM_ISAv4$E$P$D$K$B$S$7EM$VFPi3$EXTD16$VFPS$VFMA$PE$A:L22UL41UL21$X:L11$S22US41US21$IEEE1$IW$~IW$USESV6$~STKCKD$USESV7$~SHL$OTIME$ROPI$IEEEX$EBA8$UX$STANDARDLIB$REQ8$PRES8$EABIv2 0x00000000   Number         0  anon$$obj.o ABSOLUTE
    _printf_flags                            0x00000000   Number         0  printf_stubs.o ABSOLUTE
    _printf_return_value                     0x00000000   Number         0  printf_stubs.o ABSOLUTE
    _printf_sizespec                         0x00000000   Number         0  printf_stubs.o ABSOLUTE
    _printf_widthprec                        0x00000000   Number         0  printf_stubs.o ABSOLUTE
    __ARM_exceptions_init                     - Undefined Weak Reference
    __alloca_initialize                       - Undefined Weak Reference
    __arm_preinit_                            - Undefined Weak Reference
    __cpp_initialize__aeabi_                  - Undefined Weak Reference
    __cxa_finalize                            - Undefined Weak Reference
    __sigvec_lookup                           - Undefined Weak Reference
    _atexit_init                              - Undefined Weak Reference
    _call_atexit_fns                          - Undefined Weak Reference
    _clock_init                               - Undefined Weak Reference
    _fp_trap_init                             - Undefined Weak Reference
    _fp_trap_shutdown                         - Undefined Weak Reference
    _get_lc_collate                           - Undefined Weak Reference
    _get_lc_monetary                          - Undefined Weak Reference
    _get_lc_time                              - Undefined Weak Reference
    _getenv_init                              - Undefined Weak Reference
    _handle_redirection                       - Undefined Weak Reference
    _init_alloc                               - Undefined Weak Reference
    _init_user_alloc                          - Undefined Weak Reference
    _initio                                   - Undefined Weak Reference
    _printf_post_padding                      - Undefined Weak Reference
    _printf_pre_padding                       - Undefined Weak Reference
    _printf_truncate_signed                   - Undefined Weak Reference
    _printf_truncate_unsigned                 - Undefined Weak Reference
    _rand_init                                - Undefined Weak Reference
    _scanf_longlong                           - Undefined Weak Reference
    _scanf_mbtowc                             - Undefined Weak Reference
    _scanf_string                             - Undefined Weak Reference
    _scanf_wctomb                             - Undefined Weak Reference
    _scanf_wstring                            - Undefined Weak Reference
    _signal_finish                            - Undefined Weak Reference
    _signal_init                              - Undefined Weak Reference
    _terminate_alloc                          - Undefined Weak Reference
    _terminate_user_alloc                     - Undefined Weak Reference
    _terminateio                              - Undefined Weak Reference
    __Vectors_Size                           0x000001c4   Number         0  startup_stm32f446xx.o ABSOLUTE
    __Vectors                                0x08000000   Data           4  startup_stm32f446xx.o(RESET)
    __Vectors_End                            0x080001c4   Data           0  startup_stm32f446xx.o(RESET)
    __main                                   0x080001c5   Thumb Code     8  __main.o(!!!main)
    __scatterload                            0x080001cd   Thumb Code     0  __scatter.o(!!!scatter)
    __scatterload_rt2                        0x080001cd   Thumb Code    44  __scatter.o(!!!scatter)
    __scatterload_rt2_thumb_only             0x080001cd   Thumb Code     0  __scatter.o(!!!scatter)
    __scatterload_null                       0x080001db   Thumb Code     0  __scatter.o(!!!scatter)
    __scatterload_copy                       0x08000201   Thumb Code    26  __scatter_copy.o(!!handler_copy)
    __scatterload_zeroinit                   0x0800021d   Thumb Code    28  __scatter_zi.o(!!handler_zi)
    _printf_d                                0x08000239   Thumb Code     0  _printf_d.o(.ARM.Collect$$_printf_percent$$00000009)
    _printf_percent                          0x08000239   Thumb Code     0  _printf_percent.o(.ARM.Collect$$_printf_percent$$00000000)
    _printf_percent_end                      0x0800023f   Thumb Code     0  _printf_percent_end.o(.ARM.Collect$$_printf_percent$$00000017)
    __rt_lib_init                            0x08000243   Thumb Code     0  libinit.o(.ARM.Collect$$libinit$$00000000)
    __rt_lib_init_fp_1                       0x08000245   Thumb Code     0  libinit2.o(.ARM.Collect$$libinit$$00000001)
    __rt_lib_init_heap_1                     0x08000249   Thumb Code     0  libinit2.o(.ARM.Collect$$libinit$$0000000A)
    __rt_lib_init_lc_common                  0x08000249   Thumb Code     0  libinit2.o(.ARM.Collect$$libinit$$0000000F)
    __rt_lib_init_preinit_1                  0x08000249   Thumb Code     0  libinit2.o(.ARM.Collect$$libinit$$00000004)
    __rt_lib_init_rand_1                     0x08000249   Thumb Code     0  libinit2.o(.ARM.Collect$$libinit$$0000000E)
    __rt_lib_init_user_alloc_1               0x08000249   Thumb Code     0  libinit2.o(.ARM.Collect$$libinit$$0000000C)
    __rt_lib_init_lc_collate_1               0x0800024f   Thumb Code     0  libinit2.o(.ARM.Collect$$libinit$$00000011)
    __rt_lib_init_lc_ctype_2                 0x0800024f   Thumb Code     0  libinit2.o(.ARM.Collect$$libinit$$00000012)
    __rt_lib_init_lc_ctype_1                 0x0800025b   Thumb Code     0  libinit2.o(.ARM.Collect$$libinit$$00000013)
    __rt_lib_init_lc_monetary_1              0x0800025b   Thumb Code     0  libinit2.o(.ARM.Collect$$libinit$$00000015)
    __rt_lib_init_lc_numeric_2               0x0800025b   Thumb Code     0  libinit2.o(.ARM.Collect$$libinit$$00000016)
    __rt_lib_init_alloca_1                   0x08000265   Thumb Code     0  libinit2.o(.ARM.Collect$$libinit$$0000002E)
    __rt_lib_init_argv_1                     0x08000265   Thumb Code     0  libinit2.o(.ARM.Collect$$libinit$$0000002C)
    __rt_lib_init_atexit_1                   0x08000265   Thumb Code     0  libinit2.o(.ARM.Collect$$libinit$$0000001B)
    __rt_lib_init_clock_1                    0x08000265   Thumb Code     0  libinit2.o(.ARM.Collect$$libinit$$00000021)
    __rt_lib_init_cpp_1                      0x08000265   Thumb Code     0  libinit2.o(.ARM.Collect$$libinit$$00000032)
    __rt_lib_init_exceptions_1               0x08000265   Thumb Code     0  libinit2.o(.ARM.Collect$$libinit$$00000030)
    __rt_lib_init_fp_trap_1                  0x08000265   Thumb Code     0  libinit2.o(.ARM.Collect$$libinit$$0000001F)
    __rt_lib_init_getenv_1                   0x08000265   Thumb Code     0  libinit2.o(.ARM.Collect$$libinit$$00000023)
    __rt_lib_init_lc_numeric_1               0x08000265   Thumb Code     0  libinit2.o(.ARM.Collect$$libinit$$00000017)
    __rt_lib_init_lc_time_1                  0x08000265   Thumb Code     0  libinit2.o(.ARM.Collect$$libinit$$00000019)
    __rt_lib_init_return                     0x08000265   Thumb Code     0  libinit2.o(.ARM.Collect$$libinit$$00000033)
    __rt_lib_init_signal_1                   0x08000265   Thumb Code     0  libinit2.o(.ARM.Collect$$libinit$$0000001D)
    __rt_lib_init_stdio_1                    0x08000265   Thumb Code     0  libinit2.o(.ARM.Collect$$libinit$$00000025)
    __rt_lib_shutdown                        0x08000267   Thumb Code     0  libshutdown.o(.ARM.Collect$$libshutdown$$00000000)
    __rt_lib_shutdown_cpp_1                  0x08000269   Thumb Code     0  libshutdown2.o(.ARM.Collect$$libshutdown$$00000002)
    __rt_lib_shutdown_fp_trap_1              0x08000269   Thumb Code     0  libshutdown2.o(.ARM.Collect$$libshutdown$$00000007)
    __rt_lib_shutdown_heap_1                 0x08000269   Thumb Code     0  libshutdown2.o(.ARM.Collect$$libshutdown$$0000000F)
    __rt_lib_shutdown_return                 0x08000269   Thumb Code     0  libshutdown2.o(.ARM.Collect$$libshutdown$$00000010)
    __rt_lib_shutdown_signal_1               0x08000269   Thumb Code     0  libshutdown2.o(.ARM.Collect$$libshutdown$$0000000A)
    __rt_lib_shutdown_stdio_1                0x08000269   Thumb Code     0  libshutdown2.o(.ARM.Collect$$libshutdown$$00000004)
    __rt_lib_shutdown_user_alloc_1           0x08000269   Thumb Code     0  libshutdown2.o(.ARM.Collect$$libshutdown$$0000000C)
    __rt_entry                               0x0800026b   Thumb Code     0  __rtentry.o(.ARM.Collect$$rtentry$$00000000)
    __rt_entry_presh_1                       0x0800026b   Thumb Code     0  __rtentry2.o(.ARM.Collect$$rtentry$$00000002)
    __rt_entry_sh                            0x0800026b   Thumb Code     0  __rtentry4.o(.ARM.Collect$$rtentry$$00000004)
    __rt_entry_li                            0x08000271   Thumb Code     0  __rtentry2.o(.ARM.Collect$$rtentry$$0000000A)
    __rt_entry_postsh_1                      0x08000271   Thumb Code     0  __rtentry2.o(.ARM.Collect$$rtentry$$00000009)
    __rt_entry_main                          0x08000275   Thumb Code     0  __rtentry2.o(.ARM.Collect$$rtentry$$0000000D)
    __rt_entry_postli_1                      0x08000275   Thumb Code     0  __rtentry2.o(.ARM.Collect$$rtentry$$0000000C)
    __rt_exit                                0x0800027d   Thumb Code     0  rtexit.o(.ARM.Collect$$rtexit$$00000000)
    __rt_exit_ls                             0x0800027f   Thumb Code     0  rtexit2.o(.ARM.Collect$$rtexit$$00000003)
    __rt_exit_prels_1                        0x0800027f   Thumb Code     0  rtexit2.o(.ARM.Collect$$rtexit$$00000002)
    __rt_exit_exit                           0x08000283   Thumb Code     0  rtexit2.o(.ARM.Collect$$rtexit$$00000004)
    Reset_Handler                            0x08000289   Thumb Code     8  startup_stm32f446xx.o(.text)
    NMI_Handler                              0x08000291   Thumb Code     2  startup_stm32f446xx.o(.text)
    HardFault_Handler                        0x08000293   Thumb Code     2  startup_stm32f446xx.o(.text)
    MemManage_Handler                        0x08000295   Thumb Code     2  startup_stm32f446xx.o(.text)
    BusFault_Handler                         0x08000297   Thumb Code     2  startup_stm32f446xx.o(.text)
    UsageFault_Handler                       0x08000299   Thumb Code     2  startup_stm32f446xx.o(.text)
    SVC_Handler                              0x0800029b   Thumb Code     2  startup_stm32f446xx.o(.text)
    DebugMon_Handler                         0x0800029d   Thumb Code     2  startup_stm32f446xx.o(.text)
    PendSV_Handler                           0x0800029f   Thumb Code     2  startup_stm32f446xx.o(.text)
    SysTick_Handler                          0x080002a1   Thumb Code     2  startup_stm32f446xx.o(.text)
    ADC_IRQHandler                           0x080002a3   Thumb Code     0  startup_stm32f446xx.o(.text)
    CAN1_RX0_IRQHandler                      0x080002a3   Thumb Code     0  startup_stm32f446xx.o(.text)
    CAN1_RX1_IRQHandler                      0x080002a3   Thumb Code     0  startup_stm32f446xx.o(.text)
    CAN1_SCE_IRQHandler                      0x080002a3   Thumb Code     0  startup_stm32f446xx.o(.text)
    CAN1_TX_IRQHandler                       0x080002a3   Thumb Code     0  startup_stm32f446xx.o(.text)
    CAN2_RX0_IRQHandler                      0x080002a3   Thumb Code     0  startup_stm32f446xx.o(.text)
    CAN2_RX1_IRQHandler                      0x080002a3   Thumb Code     0  startup_stm32f446xx.o(.text)
    CAN2_SCE_IRQHandler                      0x080002a3   Thumb Code     0  startup_stm32f446xx.o(.text)
    CAN2_TX_IRQHandler                       0x080002a3   Thumb Code     0  startup_stm32f446xx.o(.text)
    CEC_IRQHandler                           0x080002a3   Thumb Code     0  startup_stm32f446xx.o(.text)
    DCMI_IRQHandler                          0x080002a3   Thumb Code     0  startup_stm32f446xx.o(.text)
    DMA1_Stream0_IRQHandler                  0x080002a3   Thumb Code     0  startup_stm32f446xx.o(.text)
    DMA1_Stream1_IRQHandler                  0x080002a3   Thumb Code     0  startup_stm32f446xx.o(.text)
    DMA1_Stream2_IRQHandler                  0x080002a3   Thumb Code     0  startup_stm32f446xx.o(.text)
    DMA1_Stream3_IRQHandler                  0x080002a3   Thumb Code     0  startup_stm32f446xx.o(.text)
    DMA1_Stream4_IRQHandler                  0x080002a3   Thumb Code     0  startup_stm32f446xx.o(.text)
    DMA1_Stream5_IRQHandler                  0x080002a3   Thumb Code     0  startup_stm32f446xx.o(.text)
    DMA1_Stream6_IRQHandler                  0x080002a3   Thumb Code     0  startup_stm32f446xx.o(.text)
    DMA1_Stream7_IRQHandler                  0x080002a3   Thumb Code     0  startup_stm32f446xx.o(.text)
    DMA2_Stream0_IRQHandler                  0x080002a3   Thumb Code     0  startup_stm32f446xx.o(.text)
    DMA2_Stream1_IRQHandler                  0x080002a3   Thumb Code     0  startup_stm32f446xx.o(.text)
    DMA2_Stream2_IRQHandler                  0x080002a3   Thumb Code     0  startup_stm32f446xx.o(.text)
    DMA2_Stream3_IRQHandler                  0x080002a3   Thumb Code     0  startup_stm32f446xx.o(.text)
    DMA2_Stream4_IRQHandler                  0x080002a3   Thumb Code     0  startup_stm32f446xx.o(.text)
    DMA2_Stream5_IRQHandler                  0x080002a3   Thumb Code     0  startup_stm32f446xx.o(.text)
    DMA2_Stream6_IRQHandler                  0x080002a3   Thumb Code     0  startup_stm32f446xx.o(.text)
    DMA2_Stream7_IRQHandler                  0x080002a3   Thumb Code     0  startup_stm32f446xx.o(.text)
    EXTI0_IRQHandler                         0x080002a3   Thumb Code     0  startup_stm32f446xx.o(.text)
    FLASH_IRQHandler                         0x080002a3   Thumb Code     0  startup_stm32f446xx.o(.text)
    FMC_IRQHandler                           0x080002a3   Thumb Code     0  startup_stm32f446xx.o(.text)
    FMPI2C1_ER_IRQHandler                    0x080002a3   Thumb Code     0  startup_stm32f446xx.o(.text)
    FMPI2C1_EV_IRQHandler                    0x080002a3   Thumb Code     0  startup_stm32f446xx.o(.text)
    FPU_IRQHandler                           0x080002a3   Thumb Code     0  startup_stm32f446xx.o(.text)
    I2C1_ER_IRQHandler                       0x080002a3   Thumb Code     0  startup_stm32f446xx.o(.text)
    I2C1_EV_IRQHandler                       0x080002a3   Thumb Code     0  startup_stm32f446xx.o(.text)
    I2C2_ER_IRQHandler                       0x080002a3   Thumb Code     0  startup_stm32f446xx.o(.text)
    I2C2_EV_IRQHandler                       0x080002a3   Thumb Code     0  startup_stm32f446xx.o(.text)
    I2C3_ER_IRQHandler                       0x080002a3   Thumb Code     0  startup_stm32f446xx.o(.text)
    I2C3_EV_IRQHandler                       0x080002a3   Thumb Code     0  startup_stm32f446xx.o(.text)
    OTG_FS_IRQHandler                        0x080002a3   Thumb Code     0  startup_stm32f446xx.o(.text)
    OTG_FS_WKUP_IRQHandler                   0x080002a3   Thumb Code     0  startup_stm32f446xx.o(.text)
    OTG_HS_EP1_IN_IRQHandler                 0x080002a3   Thumb Code     0  startup_stm32f446xx.o(.text)
    OTG_HS_EP1_OUT_IRQHandler                0x080002a3   Thumb Code     0  startup_stm32f446xx.o(.text)
    OTG_HS_IRQHandler                        0x080002a3   Thumb Code     0  startup_stm32f446xx.o(.text)
    OTG_HS_WKUP_IRQHandler                   0x080002a3   Thumb Code     0  startup_stm32f446xx.o(.text)
    PVD_IRQHandler                           0x080002a3   Thumb Code     0  startup_stm32f446xx.o(.text)
    QUADSPI_IRQHandler                       0x080002a3   Thumb Code     0  startup_stm32f446xx.o(.text)
    RCC_IRQHandler                           0x080002a3   Thumb Code     0  startup_stm32f446xx.o(.text)
    RTC_Alarm_IRQHandler                     0x080002a3   Thumb Code     0  startup_stm32f446xx.o(.text)
    RTC_WKUP_IRQHandler                      0x080002a3   Thumb Code     0  startup_stm32f446xx.o(.text)
    SAI1_IRQHandler                          0x080002a3   Thumb Code     0  startup_stm32f446xx.o(.text)
    SAI2_IRQHandler                          0x080002a3   Thumb Code     0  startup_stm32f446xx.o(.text)
    SDIO_IRQHandler                          0x080002a3   Thumb Code     0  startup_stm32f446xx.o(.text)
    SPDIF_RX_IRQHandler                      0x080002a3   Thumb Code     0  startup_stm32f446xx.o(.text)
    SPI1_IRQHandler                          0x080002a3   Thumb Code     0  startup_stm32f446xx.o(.text)
    SPI2_IRQHandler                          0x080002a3   Thumb Code     0  startup_stm32f446xx.o(.text)
    SPI3_IRQHandler                          0x080002a3   Thumb Code     0  startup_stm32f446xx.o(.text)
    SPI4_IRQHandler                          0x080002a3   Thumb Code     0  startup_stm32f446xx.o(.text)
    TAMP_STAMP_IRQHandler                    0x080002a3   Thumb Code     0  startup_stm32f446xx.o(.text)
    TIM1_BRK_TIM9_IRQHandler                 0x080002a3   Thumb Code     0  startup_stm32f446xx.o(.text)
    TIM1_CC_IRQHandler                       0x080002a3   Thumb Code     0  startup_stm32f446xx.o(.text)
    TIM1_TRG_COM_TIM11_IRQHandler            0x080002a3   Thumb Code     0  startup_stm32f446xx.o(.text)
    TIM1_UP_TIM10_IRQHandler                 0x080002a3   Thumb Code     0  startup_stm32f446xx.o(.text)
    TIM2_IRQHandler                          0x080002a3   Thumb Code     0  startup_stm32f446xx.o(.text)
    TIM3_IRQHandler                          0x080002a3   Thumb Code     0  startup_stm32f446xx.o(.text)
    TIM5_IRQHandler                          0x080002a3   Thumb Code     0  startup_stm32f446xx.o(.text)
    TIM6_DAC_IRQHandler                      0x080002a3   Thumb Code     0  startup_stm32f446xx.o(.text)
    TIM7_IRQHandler                          0x080002a3   Thumb Code     0  startup_stm32f446xx.o(.text)
    TIM8_BRK_TIM12_IRQHandler                0x080002a3   Thumb Code     0  startup_stm32f446xx.o(.text)
    TIM8_CC_IRQHandler                       0x080002a3   Thumb Code     0  startup_stm32f446xx.o(.text)
    TIM8_TRG_COM_TIM14_IRQHandler            0x080002a3   Thumb Code     0  startup_stm32f446xx.o(.text)
    TIM8_UP_TIM13_IRQHandler                 0x080002a3   Thumb Code     0  startup_stm32f446xx.o(.text)
    UART4_IRQHandler                         0x080002a3   Thumb Code     0  startup_stm32f446xx.o(.text)
    UART5_IRQHandler                         0x080002a3   Thumb Code     0  startup_stm32f446xx.o(.text)
    USART1_IRQHandler                        0x080002a3   Thumb Code     0  startup_stm32f446xx.o(.text)
    USART3_IRQHandler                        0x080002a3   Thumb Code     0  startup_stm32f446xx.o(.text)
    USART6_IRQHandler                        0x080002a3   Thumb Code     0  startup_stm32f446xx.o(.text)
    WWDG_IRQHandler                          0x080002a3   Thumb Code     0  startup_stm32f446xx.o(.text)
    __user_initial_stackheap                 0x080002a5   Thumb Code     0  startup_stm32f446xx.o(.text)
    __2sprintf                               0x080002c9   Thumb Code    38  __2sprintf.o(.text)
    __printf                                 0x080002f5   Thumb Code   104  __printf.o(.text)
    _printf_int_dec                          0x0800035d   Thumb Code   104  _printf_dec.o(.text)
    __0sscanf                                0x080003d5   Thumb Code    52  __0sscanf.o(.text)
    _scanf_int                               0x08000411   Thumb Code   332  _scanf_int.o(.text)
    __use_two_region_memory                  0x0800055d   Thumb Code     2  heapauxi.o(.text)
    __rt_heap_escrow$2region                 0x0800055f   Thumb Code     2  heapauxi.o(.text)
    __rt_heap_expand$2region                 0x08000561   Thumb Code     2  heapauxi.o(.text)
    _printf_int_common                       0x08000563   Thumb Code   178  _printf_intcommon.o(.text)
    _printf_char_common                      0x0800061f   Thumb Code    32  _printf_char_common.o(.text)
    _sputc                                   0x08000645   Thumb Code    10  _sputc.o(.text)
    _chval                                   0x0800064f   Thumb Code    28  _chval.o(.text)
    _scanf_really_real                       0x080008b9   Thumb Code   684  scanf_fp.o(.text)
    __vfscanf_char                           0x08000b71   Thumb Code    24  scanf_char.o(.text)
    _sgetc                                   0x08000b91   Thumb Code    30  _sgetc.o(.text)
    _sbackspace                              0x08000baf   Thumb Code    34  _sgetc.o(.text)
    __rt_locale                              0x08000bd1   Thumb Code     8  rt_locale_intlibspace.o(.text)
    __aeabi_errno_addr                       0x08000bd9   Thumb Code     8  rt_errno_addr_intlibspace.o(.text)
    __errno$intlibspace                      0x08000bd9   Thumb Code     0  rt_errno_addr_intlibspace.o(.text)
    __rt_errno_addr$intlibspace              0x08000bd9   Thumb Code     0  rt_errno_addr_intlibspace.o(.text)
    __aeabi_llsl                             0x08000be1   Thumb Code     0  llshl.o(.text)
    _ll_shift_l                              0x08000be1   Thumb Code    38  llshl.o(.text)
    isspace                                  0x08000c07   Thumb Code    18  isspace.o(.text)
    __vfscanf                                0x08000c19   Thumb Code   878  _scanf.o(.text)
    _btod_etento                             0x08000f8d   Thumb Code   224  bigflt0.o(.text)
    __user_libspace                          0x08001071   Thumb Code     8  libspace.o(.text)
    __user_perproc_libspace                  0x08001071   Thumb Code     0  libspace.o(.text)
    __user_perthread_libspace                0x08001071   Thumb Code     0  libspace.o(.text)
    __user_setup_stackheap                   0x08001079   Thumb Code    74  sys_stackheap_outer.o(.text)
    __rt_ctype_table                         0x080010c5   Thumb Code    16  rt_ctype_table.o(.text)
    __read_errno                             0x080010d5   Thumb Code    10  _rserrno.o(.text)
    __set_errno                              0x080010df   Thumb Code    12  _rserrno.o(.text)
    _scanf_really_hex_real                   0x080010ed   Thumb Code   786  scanf_hexfp.o(.text)
    _scanf_really_infnan                     0x0800140d   Thumb Code   292  scanf_infnan.o(.text)
    exit                                     0x08001541   Thumb Code    18  exit.o(.text)
    strcmp                                   0x08001559   Thumb Code   124  strcmpv7em.o(.text)
    _sys_exit                                0x080015d5   Thumb Code     8  sys_exit.o(.text)
    __I$use$semihosting                      0x080015e1   Thumb Code     0  use_no_semi.o(.text)
    __use_no_semihosting_swi                 0x080015e1   Thumb Code     2  use_no_semi.o(.text)
    __semihosting_library_function           0x080015e3   Thumb Code     0  indicate_semi.o(.text)
    EXTI15_10_IRQHandler                     0x080015e5   Thumb Code    78  main.o(.text.EXTI15_10_IRQHandler)
    EXTI1_IRQHandler                         0x08001635   Thumb Code    78  main.o(.text.EXTI1_IRQHandler)
    EXTI2_IRQHandler                         0x08001685   Thumb Code    78  main.o(.text.EXTI2_IRQHandler)
    EXTI3_IRQHandler                         0x080016d5   Thumb Code    58  lenguyenkhanhlam.o(.text.EXTI3_IRQHandler)
    EXTI4_IRQHandler                         0x08001711   Thumb Code    58  lenguyenkhanhlam.o(.text.EXTI4_IRQHandler)
    EXTI9_5_IRQHandler                       0x0800174d   Thumb Code    58  lenguyenkhanhlam.o(.text.EXTI9_5_IRQHandler)
    GPIO_readPin                             0x08001789   Thumb Code    12  gpio.o(.text.GPIO_readPin)
    GPIO_resetPin                            0x08001795   Thumb Code    16  gpio.o(.text.GPIO_resetPin)
    GPIO_setAlternateFunction                0x080017a5   Thumb Code    50  gpio.o(.text.GPIO_setAlternateFunction)
    GPIO_setMode                             0x080017d9   Thumb Code    28  gpio.o(.text.GPIO_setMode)
    GPIO_setPin                              0x080017f5   Thumb Code    14  gpio.o(.text.GPIO_setPin)
    GPIO_setPullUpDown                       0x08001805   Thumb Code    24  gpio.o(.text.GPIO_setPullUpDown)
    SystemInit                               0x0800181d   Thumb Code    18  system_stm32f4xx.o(.text.SystemInit)
    TIM4_IRQHandler                          0x08001831   Thumb Code    48  main.o(.text.TIM4_IRQHandler)
    TIM_ClearUpdateInterruptFlag             0x08001861   Thumb Code    10  timer.o(.text.TIM_ClearUpdateInterruptFlag)
    TIM_Config                               0x0800186d   Thumb Code    40  timer.o(.text.TIM_Config)
    TIM_ConfigOutputCompare                  0x08001895   Thumb Code    80  timer.o(.text.TIM_ConfigOutputCompare)
    TIM_EnableOutputCompare                  0x080018e5   Thumb Code   128  timer.o(.text.TIM_EnableOutputCompare)
    TIM_SetDutyCycle                         0x08001965   Thumb Code    46  timer.o(.text.TIM_SetDutyCycle)
    TIM_Start                                0x08001995   Thumb Code    10  timer.o(.text.TIM_Start)
    TIM_Stop                                 0x080019a1   Thumb Code    10  timer.o(.text.TIM_Stop)
    USART2_IRQHandler                        0x080019ad   Thumb Code   228  main.o(.text.USART2_IRQHandler)
    USART_receiveString                      0x08001a91   Thumb Code    64  uart.o(.text.USART_receiveString)
    USART_sendChar                           0x08001ad1   Thumb Code    10  uart.o(.text.USART_sendChar)
    USART_sendString                         0x08001add   Thumb Code    34  uart.o(.text.USART_sendString)
    compute_uart                             0x08001b01   Thumb Code    10  uart.o(.text.compute_uart)
    configGPIO                               0x08001b0d   Thumb Code   540  lenguyenkhanhlam.o(.text.configGPIO)
    configSysTickInt                         0x08001d29   Thumb Code    38  systick.o(.text.configSysTickInt)
    configTim                                0x08001d51   Thumb Code   270  lenguyenkhanhlam.o(.text.configTim)
    configUsart                              0x08001e61   Thumb Code   128  lenguyenkhanhlam.o(.text.configUsart)
    enaleClockModule                         0x08001ee1   Thumb Code    82  lenguyenkhanhlam.o(.text.enaleClockModule)
    main                                     0x08001f39   Thumb Code   464  main.o(.text.main)
    runBasePID                               0x08002109   Thumb Code   912  lenguyenkhanhlam.o(.text.runBasePID)
    runLink1PID                              0x08002499   Thumb Code   912  lenguyenkhanhlam.o(.text.runLink1PID)
    runLink2PID                              0x08002829   Thumb Code   912  lenguyenkhanhlam.o(.text.runLink2PID)
    sendData                                 0x08002bb9   Thumb Code    64  lenguyenkhanhlam.o(.text.sendData)
    sysInit                                  0x08002bf9   Thumb Code    26  lenguyenkhanhlam.o(.text.sysInit)
    uart_set_baudrate                        0x08002c15   Thumb Code    16  uart.o(.text.uart_set_baudrate)
    __btod_div_common                        0x08002c25   Thumb Code   696  btod.o(CL$$btod_div_common)
    _e2d                                     0x08002f5d   Thumb Code   122  btod.o(CL$$btod_e2d)
    _e2e                                     0x08002fe1   Thumb Code   220  btod.o(CL$$btod_e2e)
    _btod_ediv                               0x080030bd   Thumb Code    42  btod.o(CL$$btod_ediv)
    _btod_edivd                              0x080030e7   Thumb Code    42  btod.o(CL$$btod_edivd)
    _btod_emul                               0x08003111   Thumb Code    42  btod.o(CL$$btod_emul)
    _btod_emuld                              0x0800313b   Thumb Code    42  btod.o(CL$$btod_emuld)
    __btod_mult_common                       0x08003165   Thumb Code   580  btod.o(CL$$btod_mult_common)
    __hardfp___mathlib_tofloat               0x080033a9   Thumb Code   232  narrow.o(i.__hardfp___mathlib_tofloat)
    __hardfp_ldexp                           0x080034a1   Thumb Code   200  ldexp.o(i.__hardfp_ldexp)
    __mathlib_dbl_overflow                   0x08003571   Thumb Code    24  dunder.o(i.__mathlib_dbl_overflow)
    __mathlib_dbl_underflow                  0x08003591   Thumb Code    24  dunder.o(i.__mathlib_dbl_underflow)
    __mathlib_narrow                         0x080035b1   Thumb Code    18  narrow.o(i.__mathlib_narrow)
    __support_ldexp                          0x080035c3   Thumb Code    20  ldexp.o(i.__support_ldexp)
    _is_digit                                0x080035d7   Thumb Code    14  __printf_wp.o(i._is_digit)
    frexp                                    0x080035e9   Thumb Code   118  frexp.o(i.frexp)
    _get_lc_numeric                          0x08003675   Thumb Code    44  lc_numeric_c.o(locale$$code)
    _get_lc_ctype                            0x080036a1   Thumb Code    44  lc_ctype_c.o(locale$$code)
    __aeabi_d2f                              0x080036cd   Thumb Code     0  d2f.o(x$fpl$d2f)
    _d2f                                     0x080036cd   Thumb Code    98  d2f.o(x$fpl$d2f)
    __aeabi_dadd                             0x08003731   Thumb Code     0  daddsub_clz.o(x$fpl$dadd)
    _dadd                                    0x08003731   Thumb Code   332  daddsub_clz.o(x$fpl$dadd)
    __fpl_dcheck_NaN1                        0x08003881   Thumb Code    10  dcheck1.o(x$fpl$dcheck1)
    __fpl_dcmp_Inf                           0x08003891   Thumb Code    24  dcmpi.o(x$fpl$dcmpinf)
    __aeabi_ddiv                             0x080038a9   Thumb Code     0  ddiv.o(x$fpl$ddiv)
    _ddiv                                    0x080038a9   Thumb Code   552  ddiv.o(x$fpl$ddiv)
    __aeabi_cdcmpeq                          0x08003b59   Thumb Code     0  deqf.o(x$fpl$deqf)
    _dcmpeq                                  0x08003b59   Thumb Code   120  deqf.o(x$fpl$deqf)
    __aeabi_d2iz                             0x08003bd1   Thumb Code     0  dfix.o(x$fpl$dfix)
    _dfix                                    0x08003bd1   Thumb Code    94  dfix.o(x$fpl$dfix)
    __aeabi_i2d                              0x08003c2f   Thumb Code     0  dflt_clz.o(x$fpl$dflt)
    _dflt                                    0x08003c2f   Thumb Code    46  dflt_clz.o(x$fpl$dflt)
    __aeabi_cdcmpge                          0x08003c5d   Thumb Code     0  dgeqf.o(x$fpl$dgeqf)
    _dcmpge                                  0x08003c5d   Thumb Code   120  dgeqf.o(x$fpl$dgeqf)
    __aeabi_cdcmple                          0x08003cd5   Thumb Code     0  dleqf.o(x$fpl$dleqf)
    _dcmple                                  0x08003cd5   Thumb Code   120  dleqf.o(x$fpl$dleqf)
    __fpl_dcmple_InfNaN                      0x08003d37   Thumb Code     0  dleqf.o(x$fpl$dleqf)
    __aeabi_dmul                             0x08003d4d   Thumb Code     0  dmul.o(x$fpl$dmul)
    _dmul                                    0x08003d4d   Thumb Code   332  dmul.o(x$fpl$dmul)
    __fpl_dnaninf                            0x08003ea1   Thumb Code   156  dnaninf.o(x$fpl$dnaninf)
    __fpl_dretinf                            0x08003f3d   Thumb Code    12  dretinf.o(x$fpl$dretinf)
    __aeabi_cdrcmple                         0x08003f49   Thumb Code     0  drleqf.o(x$fpl$drleqf)
    _drcmple                                 0x08003f49   Thumb Code   108  drleqf.o(x$fpl$drleqf)
    __aeabi_dsub                             0x08003fb5   Thumb Code     0  daddsub_clz.o(x$fpl$dsub)
    _dsub                                    0x08003fb5   Thumb Code   464  daddsub_clz.o(x$fpl$dsub)
    __aeabi_dcmpeq                           0x08004189   Thumb Code     0  dcmp.o(x$fpl$fcmp)
    _deq                                     0x08004189   Thumb Code    14  dcmp.o(x$fpl$fcmp)
    _dneq                                    0x08004197   Thumb Code    14  dcmp.o(x$fpl$fcmp)
    __aeabi_dcmpgt                           0x080041a5   Thumb Code     0  dcmp.o(x$fpl$fcmp)
    _dgr                                     0x080041a5   Thumb Code    14  dcmp.o(x$fpl$fcmp)
    __aeabi_dcmpge                           0x080041b3   Thumb Code     0  dcmp.o(x$fpl$fcmp)
    _dgeq                                    0x080041b3   Thumb Code    14  dcmp.o(x$fpl$fcmp)
    __aeabi_dcmple                           0x080041c1   Thumb Code     0  dcmp.o(x$fpl$fcmp)
    _dleq                                    0x080041c1   Thumb Code    14  dcmp.o(x$fpl$fcmp)
    __aeabi_dcmplt                           0x080041cf   Thumb Code     0  dcmp.o(x$fpl$fcmp)
    _dls                                     0x080041cf   Thumb Code    14  dcmp.o(x$fpl$fcmp)
    _fp_init                                 0x080041dd   Thumb Code    26  fpinit.o(x$fpl$fpinit)
    __fplib_config_fpu_vfp                   0x080041f5   Thumb Code     0  fpinit.o(x$fpl$fpinit)
    __fplib_config_pureend_doubles           0x080041f5   Thumb Code     0  fpinit.o(x$fpl$fpinit)
    __fpl_fretinf                            0x080041f7   Thumb Code    10  fretinf.o(x$fpl$fretinf)
    __ieee_status                            0x08004201   Thumb Code     6  istatus.o(x$fpl$ieeestatus)
    __fpl_return_NaN                         0x08004207   Thumb Code   100  retnan.o(x$fpl$retnan)
    __ARM_scalbn                             0x0800426b   Thumb Code    92  scalbn.o(x$fpl$scalbn)
    _scanf_real                              0x080042c7   Thumb Code     4  scanf1.o(x$fpl$scanf1)
    _scanf_hex_real                          0x080042cb   Thumb Code     4  scanf2.o(x$fpl$scanf2)
    _scanf_infnan                            0x080042cf   Thumb Code     4  scanf2.o(x$fpl$scanf2)
    __fpl_cmpreturn                          0x080042d3   Thumb Code    48  trapv.o(x$fpl$trapveneer)
    __I$use$fp                               0x08004302   Number         0  usenofp.o(x$fpl$usenofp)
    Region$$Table$$Base                      0x08004398   Number         0  anon$$obj.o(Region$$Table)
    Region$$Table$$Limit                     0x080043b8   Number         0  anon$$obj.o(Region$$Table)
    __aeabi_HUGE_VAL                         0x080043b8   Data           0  fpconst.o(c$$dinf)
    __aeabi_HUGE_VALL                        0x080043b8   Data           0  fpconst.o(c$$dinf)
    __aeabi_INFINITY                         0x080043b8   Data           0  fpconst.o(c$$dinf)
    __dInf                                   0x080043b8   Data           0  fpconst.o(c$$dinf)
    __huge_val                               0x080043b8   Data           0  fpconst.o(c$$dinf)
    __dbl_max                                0x080043c0   Data           0  fpconst.o(c$$dmax)
    __ctype                                  0x080043f1   Data           0  lc_ctype_c.o(locale$$data)
    T                                        0x20000000   Data           8  pid.o(.data.T)
    __libspace_start                         0x20000008   Data          96  libspace.o(.bss)
    E1                                       0x20000068   Data           8  pid.o(.bss.E1)
    __temporary_stack_top$libspace           0x20000068   Data           0  libspace.o(.bss)
    E2                                       0x20000070   Data           8  pid.o(.bss.E2)
    E3                                       0x20000078   Data           8  pid.o(.bss.E3)
    E4                                       0x20000080   Data           8  pid.o(.bss.E4)
    E5                                       0x20000088   Data           8  pid.o(.bss.E5)
    E6                                       0x20000090   Data           8  pid.o(.bss.E6)
    Ea                                       0x20000098   Data           8  pid.o(.bss.Ea)
    Eb                                       0x200000a0   Data           8  pid.o(.bss.Eb)
    Ec                                       0x200000a8   Data           8  pid.o(.bss.Ec)
    Kd1                                      0x200000b0   Data           8  pid.o(.bss.Kd1)
    Kd2                                      0x200000b8   Data           8  pid.o(.bss.Kd2)
    Kd3                                      0x200000c0   Data           8  pid.o(.bss.Kd3)
    Ki1                                      0x200000c8   Data           8  pid.o(.bss.Ki1)
    Ki2                                      0x200000d0   Data           8  pid.o(.bss.Ki2)
    Ki3                                      0x200000d8   Data           8  pid.o(.bss.Ki3)
    Kp1                                      0x200000e0   Data           8  pid.o(.bss.Kp1)
    Kp2                                      0x200000e8   Data           8  pid.o(.bss.Kp2)
    Kp3                                      0x200000f0   Data           8  pid.o(.bss.Kp3)
    alpha1                                   0x200000f8   Data           8  pid.o(.bss.alpha1)
    alpha2                                   0x20000100   Data           8  pid.o(.bss.alpha2)
    alpha3                                   0x20000108   Data           8  pid.o(.bss.alpha3)
    beta1                                    0x20000110   Data           8  pid.o(.bss.beta1)
    beta2                                    0x20000118   Data           8  pid.o(.bss.beta2)
    beta3                                    0x20000120   Data           8  pid.o(.bss.beta3)
    gama1                                    0x20000228   Data           8  pid.o(.bss.gama1)
    gama2                                    0x20000230   Data           8  pid.o(.bss.gama2)
    gama3                                    0x20000238   Data           8  pid.o(.bss.gama3)
    lastoutputBase                           0x20000240   Data           8  pid.o(.bss.lastoutputBase)
    lastoutputLink1                          0x20000248   Data           8  pid.o(.bss.lastoutputLink1)
    lastoutputLink2                          0x20000250   Data           8  pid.o(.bss.lastoutputLink2)
    outputBase                               0x20000258   Data           8  pid.o(.bss.outputBase)
    outputLink1                              0x20000260   Data           8  pid.o(.bss.outputLink1)
    outputLink2                              0x20000268   Data           8  pid.o(.bss.outputLink2)
    posBase                                  0x20000270   Data           8  pid.o(.bss.posBase)
    posLink1                                 0x20000278   Data           8  pid.o(.bss.posLink1)
    posLink2                                 0x20000280   Data           8  pid.o(.bss.posLink2)
    pulseBase                                0x20000288   Data           4  pid.o(.bss.pulseBase)
    pulseLink1                               0x2000028c   Data           4  pid.o(.bss.pulseLink1)
    pulseLink2                               0x20000290   Data           4  pid.o(.bss.pulseLink2)
    setBase                                  0x20000298   Data           8  pid.o(.bss.setBase)
    setLink1                                 0x200002a0   Data           8  pid.o(.bss.setLink1)
    setLink2                                 0x200002a8   Data           8  pid.o(.bss.setLink2)
    stateHome                                0x200002b0   Data           4  lenguyenkhanhlam.o(.bss.stateHome)



==============================================================================

Memory Map of the image

  Image Entry point : 0x080001c5

  Load Region LR_IROM1 (Base: 0x08000000, Size: 0x00004500, Max: 0x00080000, ABSOLUTE)

    Execution Region ER_IROM1 (Exec base: 0x08000000, Load base: 0x08000000, Size: 0x000044f4, Max: 0x00080000, ABSOLUTE)

    Exec Addr    Load Addr    Size         Type   Attr      Idx    E Section Name        Object

    0x08000000   0x08000000   0x000001c4   Data   RO          241    RESET               startup_stm32f446xx.o
    0x080001c4   0x080001c4   0x00000008   Code   RO          301  * !!!main             c_w.l(__main.o)
    0x080001cc   0x080001cc   0x00000034   Code   RO          659    !!!scatter          c_w.l(__scatter.o)
    0x08000200   0x08000200   0x0000001a   Code   RO          661    !!handler_copy      c_w.l(__scatter_copy.o)
    0x0800021a   0x0800021a   0x00000002   PAD
    0x0800021c   0x0800021c   0x0000001c   Code   RO          663    !!handler_zi        c_w.l(__scatter_zi.o)
    0x08000238   0x08000238   0x00000000   Code   RO          294    .ARM.Collect$$_printf_percent$$00000000  c_w.l(_printf_percent.o)
    0x08000238   0x08000238   0x00000006   Code   RO          293    .ARM.Collect$$_printf_percent$$00000009  c_w.l(_printf_d.o)
    0x0800023e   0x0800023e   0x00000004   Code   RO          336    .ARM.Collect$$_printf_percent$$00000017  c_w.l(_printf_percent_end.o)
    0x08000242   0x08000242   0x00000002   Code   RO          470    .ARM.Collect$$libinit$$00000000  c_w.l(libinit.o)
    0x08000244   0x08000244   0x00000004   Code   RO          471    .ARM.Collect$$libinit$$00000001  c_w.l(libinit2.o)
    0x08000248   0x08000248   0x00000000   Code   RO          474    .ARM.Collect$$libinit$$00000004  c_w.l(libinit2.o)
    0x08000248   0x08000248   0x00000000   Code   RO          477    .ARM.Collect$$libinit$$0000000A  c_w.l(libinit2.o)
    0x08000248   0x08000248   0x00000000   Code   RO          479    .ARM.Collect$$libinit$$0000000C  c_w.l(libinit2.o)
    0x08000248   0x08000248   0x00000000   Code   RO          481    .ARM.Collect$$libinit$$0000000E  c_w.l(libinit2.o)
    0x08000248   0x08000248   0x00000006   Code   RO          482    .ARM.Collect$$libinit$$0000000F  c_w.l(libinit2.o)
    0x0800024e   0x0800024e   0x00000000   Code   RO          484    .ARM.Collect$$libinit$$00000011  c_w.l(libinit2.o)
    0x0800024e   0x0800024e   0x0000000c   Code   RO          485    .ARM.Collect$$libinit$$00000012  c_w.l(libinit2.o)
    0x0800025a   0x0800025a   0x00000000   Code   RO          486    .ARM.Collect$$libinit$$00000013  c_w.l(libinit2.o)
    0x0800025a   0x0800025a   0x00000000   Code   RO          488    .ARM.Collect$$libinit$$00000015  c_w.l(libinit2.o)
    0x0800025a   0x0800025a   0x0000000a   Code   RO          489    .ARM.Collect$$libinit$$00000016  c_w.l(libinit2.o)
    0x08000264   0x08000264   0x00000000   Code   RO          490    .ARM.Collect$$libinit$$00000017  c_w.l(libinit2.o)
    0x08000264   0x08000264   0x00000000   Code   RO          492    .ARM.Collect$$libinit$$00000019  c_w.l(libinit2.o)
    0x08000264   0x08000264   0x00000000   Code   RO          494    .ARM.Collect$$libinit$$0000001B  c_w.l(libinit2.o)
    0x08000264   0x08000264   0x00000000   Code   RO          496    .ARM.Collect$$libinit$$0000001D  c_w.l(libinit2.o)
    0x08000264   0x08000264   0x00000000   Code   RO          498    .ARM.Collect$$libinit$$0000001F  c_w.l(libinit2.o)
    0x08000264   0x08000264   0x00000000   Code   RO          500    .ARM.Collect$$libinit$$00000021  c_w.l(libinit2.o)
    0x08000264   0x08000264   0x00000000   Code   RO          502    .ARM.Collect$$libinit$$00000023  c_w.l(libinit2.o)
    0x08000264   0x08000264   0x00000000   Code   RO          504    .ARM.Collect$$libinit$$00000025  c_w.l(libinit2.o)
    0x08000264   0x08000264   0x00000000   Code   RO          508    .ARM.Collect$$libinit$$0000002C  c_w.l(libinit2.o)
    0x08000264   0x08000264   0x00000000   Code   RO          510    .ARM.Collect$$libinit$$0000002E  c_w.l(libinit2.o)
    0x08000264   0x08000264   0x00000000   Code   RO          512    .ARM.Collect$$libinit$$00000030  c_w.l(libinit2.o)
    0x08000264   0x08000264   0x00000000   Code   RO          514    .ARM.Collect$$libinit$$00000032  c_w.l(libinit2.o)
    0x08000264   0x08000264   0x00000002   Code   RO          515    .ARM.Collect$$libinit$$00000033  c_w.l(libinit2.o)
    0x08000266   0x08000266   0x00000002   Code   RO          599    .ARM.Collect$$libshutdown$$00000000  c_w.l(libshutdown.o)
    0x08000268   0x08000268   0x00000000   Code   RO          612    .ARM.Collect$$libshutdown$$00000002  c_w.l(libshutdown2.o)
    0x08000268   0x08000268   0x00000000   Code   RO          614    .ARM.Collect$$libshutdown$$00000004  c_w.l(libshutdown2.o)
    0x08000268   0x08000268   0x00000000   Code   RO          617    .ARM.Collect$$libshutdown$$00000007  c_w.l(libshutdown2.o)
    0x08000268   0x08000268   0x00000000   Code   RO          620    .ARM.Collect$$libshutdown$$0000000A  c_w.l(libshutdown2.o)
    0x08000268   0x08000268   0x00000000   Code   RO          622    .ARM.Collect$$libshutdown$$0000000C  c_w.l(libshutdown2.o)
    0x08000268   0x08000268   0x00000000   Code   RO          625    .ARM.Collect$$libshutdown$$0000000F  c_w.l(libshutdown2.o)
    0x08000268   0x08000268   0x00000002   Code   RO          626    .ARM.Collect$$libshutdown$$00000010  c_w.l(libshutdown2.o)
    0x0800026a   0x0800026a   0x00000000   Code   RO          329    .ARM.Collect$$rtentry$$00000000  c_w.l(__rtentry.o)
    0x0800026a   0x0800026a   0x00000000   Code   RO          359    .ARM.Collect$$rtentry$$00000002  c_w.l(__rtentry2.o)
    0x0800026a   0x0800026a   0x00000006   Code   RO          371    .ARM.Collect$$rtentry$$00000004  c_w.l(__rtentry4.o)
    0x08000270   0x08000270   0x00000000   Code   RO          361    .ARM.Collect$$rtentry$$00000009  c_w.l(__rtentry2.o)
    0x08000270   0x08000270   0x00000004   Code   RO          362    .ARM.Collect$$rtentry$$0000000A  c_w.l(__rtentry2.o)
    0x08000274   0x08000274   0x00000000   Code   RO          364    .ARM.Collect$$rtentry$$0000000C  c_w.l(__rtentry2.o)
    0x08000274   0x08000274   0x00000008   Code   RO          365    .ARM.Collect$$rtentry$$0000000D  c_w.l(__rtentry2.o)
    0x0800027c   0x0800027c   0x00000002   Code   RO          526    .ARM.Collect$$rtexit$$00000000  c_w.l(rtexit.o)
    0x0800027e   0x0800027e   0x00000000   Code   RO          556    .ARM.Collect$$rtexit$$00000002  c_w.l(rtexit2.o)
    0x0800027e   0x0800027e   0x00000004   Code   RO          557    .ARM.Collect$$rtexit$$00000003  c_w.l(rtexit2.o)
    0x08000282   0x08000282   0x00000006   Code   RO          558    .ARM.Collect$$rtexit$$00000004  c_w.l(rtexit2.o)
    0x08000288   0x08000288   0x00000040   Code   RO          242    .text               startup_stm32f446xx.o
    0x080002c8   0x080002c8   0x0000002c   Code   RO          265    .text               c_w.l(__2sprintf.o)
    0x080002f4   0x080002f4   0x00000068   Code   RO          269    .text               c_w.l(__printf.o)
    0x0800035c   0x0800035c   0x00000078   Code   RO          271    .text               c_w.l(_printf_dec.o)
    0x080003d4   0x080003d4   0x0000003c   Code   RO          295    .text               c_w.l(__0sscanf.o)
    0x08000410   0x08000410   0x0000014c   Code   RO          297    .text               c_w.l(_scanf_int.o)
    0x0800055c   0x0800055c   0x00000006   Code   RO          299    .text               c_w.l(heapauxi.o)
    0x08000562   0x08000562   0x000000b2   Code   RO          330    .text               c_w.l(_printf_intcommon.o)
    0x08000614   0x08000614   0x00000030   Code   RO          332    .text               c_w.l(_printf_char_common.o)
    0x08000644   0x08000644   0x0000000a   Code   RO          334    .text               c_w.l(_sputc.o)
    0x0800064e   0x0800064e   0x0000001c   Code   RO          337    .text               c_w.l(_chval.o)
    0x0800066a   0x0800066a   0x00000002   PAD
    0x0800066c   0x0800066c   0x000004f8   Code   RO          339    .text               c_w.l(scanf_fp.o)
    0x08000b64   0x08000b64   0x0000002c   Code   RO          343    .text               c_w.l(scanf_char.o)
    0x08000b90   0x08000b90   0x00000040   Code   RO          345    .text               c_w.l(_sgetc.o)
    0x08000bd0   0x08000bd0   0x00000008   Code   RO          376    .text               c_w.l(rt_locale_intlibspace.o)
    0x08000bd8   0x08000bd8   0x00000008   Code   RO          381    .text               c_w.l(rt_errno_addr_intlibspace.o)
    0x08000be0   0x08000be0   0x00000026   Code   RO          383    .text               c_w.l(llshl.o)
    0x08000c06   0x08000c06   0x00000012   Code   RO          385    .text               c_w.l(isspace.o)
    0x08000c18   0x08000c18   0x00000374   Code   RO          389    .text               c_w.l(_scanf.o)
    0x08000f8c   0x08000f8c   0x000000e4   Code   RO          391    .text               c_w.l(bigflt0.o)
    0x08001070   0x08001070   0x00000008   Code   RO          446    .text               c_w.l(libspace.o)
    0x08001078   0x08001078   0x0000004a   Code   RO          449    .text               c_w.l(sys_stackheap_outer.o)
    0x080010c2   0x080010c2   0x00000002   PAD
    0x080010c4   0x080010c4   0x00000010   Code   RO          451    .text               c_w.l(rt_ctype_table.o)
    0x080010d4   0x080010d4   0x00000016   Code   RO          453    .text               c_w.l(_rserrno.o)
    0x080010ea   0x080010ea   0x00000002   PAD
    0x080010ec   0x080010ec   0x00000320   Code   RO          455    .text               c_w.l(scanf_hexfp.o)
    0x0800140c   0x0800140c   0x00000134   Code   RO          457    .text               c_w.l(scanf_infnan.o)
    0x08001540   0x08001540   0x00000012   Code   RO          461    .text               c_w.l(exit.o)
    0x08001552   0x08001552   0x00000006   PAD
    0x08001558   0x08001558   0x0000007c   Code   RO          463    .text               c_w.l(strcmpv7em.o)
    0x080015d4   0x080015d4   0x0000000c   Code   RO          585    .text               c_w.l(sys_exit.o)
    0x080015e0   0x080015e0   0x00000002   Code   RO          602    .text               c_w.l(use_no_semi.o)
    0x080015e2   0x080015e2   0x00000000   Code   RO          604    .text               c_w.l(indicate_semi.o)
    0x080015e2   0x080015e2   0x00000002   PAD
    0x080015e4   0x080015e4   0x0000004e   Code   RO           69    .text.EXTI15_10_IRQHandler  main.o
    0x08001632   0x08001632   0x00000002   PAD
    0x08001634   0x08001634   0x0000004e   Code   RO           71    .text.EXTI1_IRQHandler  main.o
    0x08001682   0x08001682   0x00000002   PAD
    0x08001684   0x08001684   0x0000004e   Code   RO           73    .text.EXTI2_IRQHandler  main.o
    0x080016d2   0x080016d2   0x00000002   PAD
    0x080016d4   0x080016d4   0x0000003a   Code   RO           51    .text.EXTI3_IRQHandler  lenguyenkhanhlam.o
    0x0800170e   0x0800170e   0x00000002   PAD
    0x08001710   0x08001710   0x0000003a   Code   RO           49    .text.EXTI4_IRQHandler  lenguyenkhanhlam.o
    0x0800174a   0x0800174a   0x00000002   PAD
    0x0800174c   0x0800174c   0x0000003a   Code   RO           47    .text.EXTI9_5_IRQHandler  lenguyenkhanhlam.o
    0x08001786   0x08001786   0x00000002   PAD
    0x08001788   0x08001788   0x0000000c   Code   RO           19    .text.GPIO_readPin  gpio.o
    0x08001794   0x08001794   0x00000010   Code   RO           15    .text.GPIO_resetPin  gpio.o
    0x080017a4   0x080017a4   0x00000032   Code   RO           21    .text.GPIO_setAlternateFunction  gpio.o
    0x080017d6   0x080017d6   0x00000002   PAD
    0x080017d8   0x080017d8   0x0000001c   Code   RO            5    .text.GPIO_setMode  gpio.o
    0x080017f4   0x080017f4   0x0000000e   Code   RO           13    .text.GPIO_setPin   gpio.o
    0x08001802   0x08001802   0x00000002   PAD
    0x08001804   0x08001804   0x00000018   Code   RO           11    .text.GPIO_setPullUpDown  gpio.o
    0x0800181c   0x0800181c   0x00000012   Code   RO          249    .text.SystemInit    system_stm32f4xx.o
    0x0800182e   0x0800182e   0x00000002   PAD
    0x08001830   0x08001830   0x00000030   Code   RO           75    .text.TIM4_IRQHandler  main.o
    0x08001860   0x08001860   0x0000000a   Code   RO          188    .text.TIM_ClearUpdateInterruptFlag  timer.o
    0x0800186a   0x0800186a   0x00000002   PAD
    0x0800186c   0x0800186c   0x00000028   Code   RO          184    .text.TIM_Config    timer.o
    0x08001894   0x08001894   0x00000050   Code   RO          194    .text.TIM_ConfigOutputCompare  timer.o
    0x080018e4   0x080018e4   0x00000080   Code   RO          198    .text.TIM_EnableOutputCompare  timer.o
    0x08001964   0x08001964   0x0000002e   Code   RO          196    .text.TIM_SetDutyCycle  timer.o
    0x08001992   0x08001992   0x00000002   PAD
    0x08001994   0x08001994   0x0000000a   Code   RO          190    .text.TIM_Start     timer.o
    0x0800199e   0x0800199e   0x00000002   PAD
    0x080019a0   0x080019a0   0x0000000a   Code   RO          186    .text.TIM_Stop      timer.o
    0x080019aa   0x080019aa   0x00000002   PAD
    0x080019ac   0x080019ac   0x000000e4   Code   RO           67    .text.USART2_IRQHandler  main.o
    0x08001a90   0x08001a90   0x00000040   Code   RO          230    .text.USART_receiveString  uart.o
    0x08001ad0   0x08001ad0   0x0000000a   Code   RO          224    .text.USART_sendChar  uart.o
    0x08001ada   0x08001ada   0x00000002   PAD
    0x08001adc   0x08001adc   0x00000022   Code   RO          226    .text.USART_sendString  uart.o
    0x08001afe   0x08001afe   0x00000002   PAD
    0x08001b00   0x08001b00   0x0000000a   Code   RO          216    .text.compute_uart  uart.o
    0x08001b0a   0x08001b0a   0x00000002   PAD
    0x08001b0c   0x08001b0c   0x0000021c   Code   RO           37    .text.configGPIO    lenguyenkhanhlam.o
    0x08001d28   0x08001d28   0x00000026   Code   RO          172    .text.configSysTickInt  systick.o
    0x08001d4e   0x08001d4e   0x00000002   PAD
    0x08001d50   0x08001d50   0x0000010e   Code   RO           39    .text.configTim     lenguyenkhanhlam.o
    0x08001e5e   0x08001e5e   0x00000002   PAD
    0x08001e60   0x08001e60   0x00000080   Code   RO           41    .text.configUsart   lenguyenkhanhlam.o
    0x08001ee0   0x08001ee0   0x00000052   Code   RO           35    .text.enaleClockModule  lenguyenkhanhlam.o
    0x08001f32   0x08001f32   0x00000006   PAD
    0x08001f38   0x08001f38   0x000001d0   Code   RO           65    .text.main          main.o
    0x08002108   0x08002108   0x00000390   Code   RO           43    .text.runBasePID    lenguyenkhanhlam.o
    0x08002498   0x08002498   0x00000390   Code   RO           45    .text.runLink1PID   lenguyenkhanhlam.o
    0x08002828   0x08002828   0x00000390   Code   RO           53    .text.runLink2PID   lenguyenkhanhlam.o
    0x08002bb8   0x08002bb8   0x00000040   Code   RO           55    .text.sendData      lenguyenkhanhlam.o
    0x08002bf8   0x08002bf8   0x0000001a   Code   RO           33    .text.sysInit       lenguyenkhanhlam.o
    0x08002c12   0x08002c12   0x00000002   PAD
    0x08002c14   0x08002c14   0x00000010   Code   RO          218    .text.uart_set_baudrate  uart.o
    0x08002c24   0x08002c24   0x00000338   Code   RO          404    CL$$btod_div_common  c_w.l(btod.o)
    0x08002f5c   0x08002f5c   0x00000084   Code   RO          402    CL$$btod_e2d        c_w.l(btod.o)
    0x08002fe0   0x08002fe0   0x000000dc   Code   RO          401    CL$$btod_e2e        c_w.l(btod.o)
    0x080030bc   0x080030bc   0x0000002a   Code   RO          398    CL$$btod_ediv       c_w.l(btod.o)
    0x080030e6   0x080030e6   0x0000002a   Code   RO          400    CL$$btod_edivd      c_w.l(btod.o)
    0x08003110   0x08003110   0x0000002a   Code   RO          397    CL$$btod_emul       c_w.l(btod.o)
    0x0800313a   0x0800313a   0x0000002a   Code   RO          399    CL$$btod_emuld      c_w.l(btod.o)
    0x08003164   0x08003164   0x00000244   Code   RO          403    CL$$btod_mult_common  c_w.l(btod.o)
    0x080033a8   0x080033a8   0x000000f8   Code   RO          438    i.__hardfp___mathlib_tofloat  m_wm.l(narrow.o)
    0x080034a0   0x080034a0   0x000000d0   Code   RO          539    i.__hardfp_ldexp    m_wm.l(ldexp.o)
    0x08003570   0x08003570   0x00000020   Code   RO          572    i.__mathlib_dbl_overflow  m_wm.l(dunder.o)
    0x08003590   0x08003590   0x00000020   Code   RO          574    i.__mathlib_dbl_underflow  m_wm.l(dunder.o)
    0x080035b0   0x080035b0   0x00000012   Code   RO          439    i.__mathlib_narrow  m_wm.l(narrow.o)
    0x080035c2   0x080035c2   0x00000014   Code   RO          541    i.__support_ldexp   m_wm.l(ldexp.o)
    0x080035d6   0x080035d6   0x0000000e   Code   RO          283    i._is_digit         c_w.l(__printf_wp.o)
    0x080035e4   0x080035e4   0x00000004   PAD
    0x080035e8   0x080035e8   0x0000008c   Code   RO          522    i.frexp             m_wm.l(frexp.o)
    0x08003674   0x08003674   0x0000002c   Code   RO          420    locale$$code        c_w.l(lc_numeric_c.o)
    0x080036a0   0x080036a0   0x0000002c   Code   RO          531    locale$$code        c_w.l(lc_ctype_c.o)
    0x080036cc   0x080036cc   0x00000062   Code   RO          516    x$fpl$d2f           fz_wm.l(d2f.o)
    0x0800372e   0x0800372e   0x00000002   PAD
    0x08003730   0x08003730   0x00000150   Code   RO          303    x$fpl$dadd          fz_wm.l(daddsub_clz.o)
    0x08003880   0x08003880   0x00000010   Code   RO          600    x$fpl$dcheck1       fz_wm.l(dcheck1.o)
    0x08003890   0x08003890   0x00000018   Code   RO          424    x$fpl$dcmpinf       fz_wm.l(dcmpi.o)
    0x080038a8   0x080038a8   0x000002b0   Code   RO          312    x$fpl$ddiv          fz_wm.l(ddiv.o)
    0x08003b58   0x08003b58   0x00000078   Code   RO          347    x$fpl$deqf          fz_wm.l(deqf.o)
    0x08003bd0   0x08003bd0   0x0000005e   Code   RO          315    x$fpl$dfix          fz_wm.l(dfix.o)
    0x08003c2e   0x08003c2e   0x0000002e   Code   RO          320    x$fpl$dflt          fz_wm.l(dflt_clz.o)
    0x08003c5c   0x08003c5c   0x00000078   Code   RO          349    x$fpl$dgeqf         fz_wm.l(dgeqf.o)
    0x08003cd4   0x08003cd4   0x00000078   Code   RO          351    x$fpl$dleqf         fz_wm.l(dleqf.o)
    0x08003d4c   0x08003d4c   0x00000154   Code   RO          325    x$fpl$dmul          fz_wm.l(dmul.o)
    0x08003ea0   0x08003ea0   0x0000009c   Code   RO          353    x$fpl$dnaninf       fz_wm.l(dnaninf.o)
    0x08003f3c   0x08003f3c   0x0000000c   Code   RO          355    x$fpl$dretinf       fz_wm.l(dretinf.o)
    0x08003f48   0x08003f48   0x0000006c   Code   RO          518    x$fpl$drleqf        fz_wm.l(drleqf.o)
    0x08003fb4   0x08003fb4   0x000001d4   Code   RO          305    x$fpl$dsub          fz_wm.l(daddsub_clz.o)
    0x08004188   0x08004188   0x00000054   Code   RO          309    x$fpl$fcmp          fz_wm.l(dcmp.o)
    0x080041dc   0x080041dc   0x0000001a   Code   RO          535    x$fpl$fpinit        fz_wm.l(fpinit.o)
    0x080041f6   0x080041f6   0x0000000a   Code   RO          537    x$fpl$fretinf       fz_wm.l(fretinf.o)
    0x08004200   0x08004200   0x00000006   Code   RO          430    x$fpl$ieeestatus    fz_wm.l(istatus.o)
    0x08004206   0x08004206   0x00000064   Code   RO          627    x$fpl$retnan        fz_wm.l(retnan.o)
    0x0800426a   0x0800426a   0x0000005c   Code   RO          566    x$fpl$scalbn        fz_wm.l(scalbn.o)
    0x080042c6   0x080042c6   0x00000004   Code   RO          327    x$fpl$scanf1        fz_wm.l(scanf1.o)
    0x080042ca   0x080042ca   0x00000008   Code   RO          432    x$fpl$scanf2        fz_wm.l(scanf2.o)
    0x080042d2   0x080042d2   0x00000030   Code   RO          633    x$fpl$trapveneer    fz_wm.l(trapv.o)
    0x08004302   0x08004302   0x00000000   Code   RO          357    x$fpl$usenofp       fz_wm.l(usenofp.o)
    0x08004302   0x08004302   0x00000002   PAD
    0x08004304   0x08004304   0x00000094   Data   RO          392    .constdata          c_w.l(bigflt0.o)
    0x08004398   0x08004398   0x00000020   Data   RO          658    Region$$Table       anon$$obj.o
    0x080043b8   0x080043b8   0x00000008   Data   RO          426    c$$dinf             fz_wm.l(fpconst.o)
    0x080043c0   0x080043c0   0x00000008   Data   RO          429    c$$dmax             fz_wm.l(fpconst.o)
    0x080043c8   0x080043c8   0x0000001c   Data   RO          419    locale$$data        c_w.l(lc_numeric_c.o)
    0x080043e4   0x080043e4   0x00000110   Data   RO          530    locale$$data        c_w.l(lc_ctype_c.o)


    Execution Region RW_IRAM1 (Exec base: 0x20000000, Load base: 0x080044f8, Size: 0x000008c8, Max: 0x00020000, ABSOLUTE)

    Exec Addr    Load Addr    Size         Type   Attr      Idx    E Section Name        Object

    0x20000000   0x080044f8   0x00000008   Data   RW          131    .data.T             pid.o
    0x20000008        -       0x00000060   Zero   RW          447    .bss                c_w.l(libspace.o)
    0x20000068        -       0x00000008   Zero   RW          125    .bss.E1             pid.o
    0x20000070        -       0x00000008   Zero   RW          126    .bss.E2             pid.o
    0x20000078        -       0x00000008   Zero   RW          137    .bss.E3             pid.o
    0x20000080        -       0x00000008   Zero   RW          138    .bss.E4             pid.o
    0x20000088        -       0x00000008   Zero   RW          148    .bss.E5             pid.o
    0x20000090        -       0x00000008   Zero   RW          149    .bss.E6             pid.o
    0x20000098        -       0x00000008   Zero   RW          127    .bss.Ea             pid.o
    0x200000a0        -       0x00000008   Zero   RW          139    .bss.Eb             pid.o
    0x200000a8        -       0x00000008   Zero   RW          150    .bss.Ec             pid.o
    0x200000b0        -       0x00000008   Zero   RW          154    .bss.Kd1            pid.o
    0x200000b8        -       0x00000008   Zero   RW          157    .bss.Kd2            pid.o
    0x200000c0        -       0x00000008   Zero   RW          160    .bss.Kd3            pid.o
    0x200000c8        -       0x00000008   Zero   RW          156    .bss.Ki1            pid.o
    0x200000d0        -       0x00000008   Zero   RW          159    .bss.Ki2            pid.o
    0x200000d8        -       0x00000008   Zero   RW          162    .bss.Ki3            pid.o
    0x200000e0        -       0x00000008   Zero   RW          155    .bss.Kp1            pid.o
    0x200000e8        -       0x00000008   Zero   RW          158    .bss.Kp2            pid.o
    0x200000f0        -       0x00000008   Zero   RW          161    .bss.Kp3            pid.o
    0x200000f8        -       0x00000008   Zero   RW          128    .bss.alpha1         pid.o
    0x20000100        -       0x00000008   Zero   RW          140    .bss.alpha2         pid.o
    0x20000108        -       0x00000008   Zero   RW          151    .bss.alpha3         pid.o
    0x20000110        -       0x00000008   Zero   RW          129    .bss.beta1          pid.o
    0x20000118        -       0x00000008   Zero   RW          141    .bss.beta2          pid.o
    0x20000120        -       0x00000008   Zero   RW          152    .bss.beta3          pid.o
    0x20000128        -       0x00000100   Zero   RW           80    .bss.buff           main.o
    0x20000228        -       0x00000008   Zero   RW          130    .bss.gama1          pid.o
    0x20000230        -       0x00000008   Zero   RW          142    .bss.gama2          pid.o
    0x20000238        -       0x00000008   Zero   RW          153    .bss.gama3          pid.o
    0x20000240        -       0x00000008   Zero   RW          124    .bss.lastoutputBase  pid.o
    0x20000248        -       0x00000008   Zero   RW          136    .bss.lastoutputLink1  pid.o
    0x20000250        -       0x00000008   Zero   RW          147    .bss.lastoutputLink2  pid.o
    0x20000258        -       0x00000008   Zero   RW          123    .bss.outputBase     pid.o
    0x20000260        -       0x00000008   Zero   RW          135    .bss.outputLink1    pid.o
    0x20000268        -       0x00000008   Zero   RW          146    .bss.outputLink2    pid.o
    0x20000270        -       0x00000008   Zero   RW          121    .bss.posBase        pid.o
    0x20000278        -       0x00000008   Zero   RW          133    .bss.posLink1       pid.o
    0x20000280        -       0x00000008   Zero   RW          144    .bss.posLink2       pid.o
    0x20000288        -       0x00000004   Zero   RW          120    .bss.pulseBase      pid.o
    0x2000028c        -       0x00000004   Zero   RW          132    .bss.pulseLink1     pid.o
    0x20000290        -       0x00000004   Zero   RW          143    .bss.pulseLink2     pid.o
    0x20000294   0x08004500   0x00000004   PAD
    0x20000298        -       0x00000008   Zero   RW          122    .bss.setBase        pid.o
    0x200002a0        -       0x00000008   Zero   RW          134    .bss.setLink1       pid.o
    0x200002a8        -       0x00000008   Zero   RW          145    .bss.setLink2       pid.o
    0x200002b0        -       0x00000004   Zero   RW           57    .bss.stateHome      lenguyenkhanhlam.o
    0x200002b4        -       0x00000004   Zero   RW           81    .bss.stateStopBase  main.o
    0x200002b8        -       0x00000004   Zero   RW           77    .bss.tmp_homeBase   main.o
    0x200002bc        -       0x00000004   Zero   RW           78    .bss.tmp_homeLink1  main.o
    0x200002c0        -       0x00000004   Zero   RW           79    .bss.tmp_homeLink2  main.o
    0x200002c4   0x08004500   0x00000004   PAD
    0x200002c8        -       0x00000200   Zero   RW          240    HEAP                startup_stm32f446xx.o
    0x200004c8        -       0x00000400   Zero   RW          239    STACK               startup_stm32f446xx.o


==============================================================================

Image component sizes


      Code (inc. data)   RO Data    RW Data    ZI Data      Debug   Object Name

       144          0          0          0          0       2694   gpio.o
      4020        128          0          0          4       5347   lenguyenkhanhlam.o
       974        128          0          0        272       2520   main.o
         0          0          0          8        324       6715   pid.o
        64         26        452          0       1536        944   startup_stm32f446xx.o
        18          0          0          0          0       2905   system_stm32f4xx.o
        38          0          0          0          0       1033   systick.o
       324         12          0          0          0       3921   timer.o
       134          0          0          0          0       2411   uart.o

    ----------------------------------------------------------------------
      5760        294        484          8       2144      28490   Object Totals
         0          0         32          0          0          0   (incl. Generated)
        44          0          0          0          8          0   (incl. Padding)

    ----------------------------------------------------------------------

      Code (inc. data)   RO Data    RW Data    ZI Data      Debug   Library Member Name

        60          8          0          0          0         84   __0sscanf.o
        44          6          0          0          0         84   __2sprintf.o
         8          0          0          0          0         68   __main.o
       104          0          0          0          0         84   __printf.o
        14          0          0          0          0         68   __printf_wp.o
         0          0          0          0          0          0   __rtentry.o
        12          0          0          0          0          0   __rtentry2.o
         6          0          0          0          0          0   __rtentry4.o
        52          8          0          0          0          0   __scatter.o
        26          0          0          0          0          0   __scatter_copy.o
        28          0          0          0          0          0   __scatter_zi.o
        28          0          0          0          0         68   _chval.o
        48          6          0          0          0         96   _printf_char_common.o
         6          0          0          0          0          0   _printf_d.o
       120         16          0          0          0         92   _printf_dec.o
       178          0          0          0          0         88   _printf_intcommon.o
         0          0          0          0          0          0   _printf_percent.o
         4          0          0          0          0          0   _printf_percent_end.o
        22          0          0          0          0        100   _rserrno.o
       884          6          0          0          0        100   _scanf.o
       332          0          0          0          0         96   _scanf_int.o
        64          0          0          0          0         84   _sgetc.o
        10          0          0          0          0         68   _sputc.o
       228          4        148          0          0         96   bigflt0.o
      1924        136          0          0          0        756   btod.o
        18          0          0          0          0         80   exit.o
         6          0          0          0          0        152   heapauxi.o
         0          0          0          0          0          0   indicate_semi.o
        18          0          0          0          0         76   isspace.o
        44         10        272          0          0         76   lc_ctype_c.o
        44         10         28          0          0         76   lc_numeric_c.o
         2          0          0          0          0          0   libinit.o
        34          0          0          0          0          0   libinit2.o
         2          0          0          0          0          0   libshutdown.o
         2          0          0          0          0          0   libshutdown2.o
         8          4          0          0         96         68   libspace.o
        38          0          0          0          0         68   llshl.o
        16          4          0          0          0         76   rt_ctype_table.o
         8          4          0          0          0         68   rt_errno_addr_intlibspace.o
         8          4          0          0          0         68   rt_locale_intlibspace.o
         2          0          0          0          0          0   rtexit.o
        10          0          0          0          0          0   rtexit2.o
        44          8          0          0          0         84   scanf_char.o
      1272         16          0          0          0        168   scanf_fp.o
       800         14          0          0          0        100   scanf_hexfp.o
       308         16          0          0          0        100   scanf_infnan.o
       124          0          0          0          0         88   strcmpv7em.o
        12          4          0          0          0         68   sys_exit.o
        74          0          0          0          0         80   sys_stackheap_outer.o
         2          0          0          0          0         68   use_no_semi.o
        98          4          0          0          0        140   d2f.o
       804         16          0          0          0        376   daddsub_clz.o
        16          4          0          0          0        116   dcheck1.o
        84          0          0          0          0        244   dcmp.o
        24          0          0          0          0        116   dcmpi.o
       688        140          0          0          0        264   ddiv.o
       120          4          0          0          0        140   deqf.o
        94          4          0          0          0        140   dfix.o
        46          0          0          0          0        116   dflt_clz.o
       120          4          0          0          0        140   dgeqf.o
       120          4          0          0          0        140   dleqf.o
       340         12          0          0          0        152   dmul.o
       156          4          0          0          0        140   dnaninf.o
        12          0          0          0          0        116   dretinf.o
       108          0          0          0          0        128   drleqf.o
         0          0         16          0          0          0   fpconst.o
        26          0          0          0          0        116   fpinit.o
        10          0          0          0          0        116   fretinf.o
         6          0          0          0          0        116   istatus.o
       100          0          0          0          0        116   retnan.o
        92          0          0          0          0        116   scalbn.o
         4          0          0          0          0        116   scanf1.o
         8          0          0          0          0        132   scanf2.o
        48          0          0          0          0        116   trapv.o
         0          0          0          0          0          0   usenofp.o
        64         16          0          0          0        248   dunder.o
       140         22          0          0          0        132   frexp.o
       228          8          0          0          0        308   ldexp.o
       266         16          0          0          0        308   narrow.o

    ----------------------------------------------------------------------
     10944        542        464          0         96       8004   Library Totals
        24          0          0          0          0          0   (incl. Padding)

    ----------------------------------------------------------------------

      Code (inc. data)   RO Data    RW Data    ZI Data      Debug   Library Name

      7098        284        448          0         96       3596   c_w.l
      3124        196         16          0          0       3412   fz_wm.l
       698         62          0          0          0        996   m_wm.l

    ----------------------------------------------------------------------
     10944        542        464          0         96       8004   Library Totals

    ----------------------------------------------------------------------

==============================================================================


      Code (inc. data)   RO Data    RW Data    ZI Data      Debug   

     16704        836        948          8       2240      31574   Grand Totals
     16704        836        948          8       2240      31574   ELF Image Totals
     16704        836        948          8          0          0   ROM Totals

==============================================================================

    Total RO  Size (Code + RO Data)                17652 (  17.24kB)
    Total RW  Size (RW Data + ZI Data)              2248 (   2.20kB)
    Total ROM Size (Code + RO Data + RW Data)      17660 (  17.25kB)

==============================================================================

